Component: Arm Compiler for Embedded 6.22 Tool: armlink [5ee90200]

==============================================================================

Section Cross References

    algohub_api.o(.text.algohub_init) refers to sh_comm.o(.text.sh_init_hwcomm_interface) for sh_init_hwcomm_interface
    algohub_api.o(.text.algohub_init) refers to mxc_delay.o(.text.MXC_Delay) for MXC_Delay
    algohub_api.o(.text.algohub_init) refers to sh_comm.o(.text.sh_set_data_type) for sh_set_data_type
    algohub_api.o(.text.algohub_init) refers to sh_comm.o(.text.sh_set_fifo_thresh) for sh_set_fifo_thresh
    algohub_api.o(.text.algohub_init) refers to algohub_api.o(.bss.algohub_soft_ver) for algohub_soft_ver
    algohub_api.o(.text.algohub_init) refers to sh_comm.o(.text.sh_get_ss_fw_version) for sh_get_ss_fw_version
    algohub_api.o(.ARM.exidx.text.algohub_init) refers to algohub_api.o(.text.algohub_init) for [Anonymous Symbol]
    algohub_api.o(.text.algohub_enable) refers to sh_comm.o(.text.sh_sensor_enable_) for sh_sensor_enable_
    algohub_api.o(.ARM.exidx.text.algohub_enable) refers to algohub_api.o(.text.algohub_enable) for [Anonymous Symbol]
    algohub_api.o(.text.algohub_disable) refers to sh_comm.o(.text.sh_sensor_enable_) for sh_sensor_enable_
    algohub_api.o(.ARM.exidx.text.algohub_disable) refers to algohub_api.o(.text.algohub_disable) for [Anonymous Symbol]
    algohub_api.o(.text.algohub_feed_data) refers to sh_comm.o(.text.sh_feed_to_input_fifo) for sh_feed_to_input_fifo
    algohub_api.o(.ARM.exidx.text.algohub_feed_data) refers to algohub_api.o(.text.algohub_feed_data) for [Anonymous Symbol]
    algohub_api.o(.text.algohub_read_outputfifo) refers to algohub_api.o(.bss.algohub_curr_mode) for algohub_curr_mode
    algohub_api.o(.text.algohub_read_outputfifo) refers to sh_comm.o(.text.sh_get_sensorhub_status) for sh_get_sensorhub_status
    algohub_api.o(.text.algohub_read_outputfifo) refers to algohub_api.o(.rodata.algohub_reporting_size) for algohub_reporting_size
    algohub_api.o(.text.algohub_read_outputfifo) refers to rt_memclr.o(.text) for __aeabi_memclr
    algohub_api.o(.text.algohub_read_outputfifo) refers to sh_comm.o(.text.sh_read_fifo_data) for sh_read_fifo_data
    algohub_api.o(.ARM.exidx.text.algohub_read_outputfifo) refers to algohub_api.o(.text.algohub_read_outputfifo) for [Anonymous Symbol]
    algohub_api.o(.text.algohub_reset_configs) refers to algohub_config_api.o(.text.ah_set_cfg_wearablesuite_reset_algo_config) for ah_set_cfg_wearablesuite_reset_algo_config
    algohub_api.o(.text.algohub_reset_configs) refers to mxc_delay.o(.text.MXC_Delay) for MXC_Delay
    algohub_api.o(.ARM.exidx.text.algohub_reset_configs) refers to algohub_api.o(.text.algohub_reset_configs) for [Anonymous Symbol]
    algohub_api.o(.text.algohub_notify_afe_request_applied) refers to algohub_config_api.o(.text.ah_set_cfg_wearablesuite_clear_aferequest) for ah_set_cfg_wearablesuite_clear_aferequest
    algohub_api.o(.ARM.exidx.text.algohub_notify_afe_request_applied) refers to algohub_api.o(.text.algohub_notify_afe_request_applied) for [Anonymous Symbol]
    algohub_api.o(.text.algohub_read_software_version) refers to algohub_api.o(.bss.algohub_soft_ver) for algohub_soft_ver
    algohub_api.o(.ARM.exidx.text.algohub_read_software_version) refers to algohub_api.o(.text.algohub_read_software_version) for [Anonymous Symbol]
    algohub_api.o(.text.algohub_get_aferequest) refers to algohub_config_api.o(.text.ah_get_cfg_wearablesuite_aferequest) for ah_get_cfg_wearablesuite_aferequest
    algohub_api.o(.ARM.exidx.text.algohub_get_aferequest) refers to algohub_api.o(.text.algohub_get_aferequest) for [Anonymous Symbol]
    algohub_api.o(.ARM.exidx.text.algohub_parse_aferequest) refers to algohub_api.o(.text.algohub_parse_aferequest) for [Anonymous Symbol]
    algohub_api.o(.text.algohub_ppg_signal_meas_ch_no) refers to algohub_api.o(.rodata.PPG_SIGNAL_CH_PD_TABLE) for PPG_SIGNAL_CH_PD_TABLE
    algohub_api.o(.ARM.exidx.text.algohub_ppg_signal_meas_ch_no) refers to algohub_api.o(.text.algohub_ppg_signal_meas_ch_no) for [Anonymous Symbol]
    algohub_api.o(.text.algohub_ppg_signal_pd_no) refers to algohub_api.o(.rodata.PPG_SIGNAL_CH_PD_TABLE) for PPG_SIGNAL_CH_PD_TABLE
    algohub_api.o(.ARM.exidx.text.algohub_ppg_signal_pd_no) refers to algohub_api.o(.text.algohub_ppg_signal_pd_no) for [Anonymous Symbol]
    algohub_api.o(.text.algohub_send_spi_release_request) refers to sh_comm.o(.text.sh_spi_release) for sh_spi_release
    algohub_api.o(.ARM.exidx.text.algohub_send_spi_release_request) refers to algohub_api.o(.text.algohub_send_spi_release_request) for [Anonymous Symbol]
    algohub_api.o(.text.algohub_notify_spi_released) refers to sh_comm.o(.text.sh_spi_use) for sh_spi_use
    algohub_api.o(.ARM.exidx.text.algohub_notify_spi_released) refers to algohub_api.o(.text.algohub_notify_spi_released) for [Anonymous Symbol]
[...]
    [Anonymous Symbol]                       0x10002360   Section        0  spixf_me14.o(.text.MXC_SPIXF_Transaction)
    [Anonymous Symbol]                       0x10002380   Section        0  sys_me14.o(.text.MXC_SYS_ClockDisable)
    [Anonymous Symbol]                       0x100023d0   Section        0  sys_me14.o(.text.MXC_SYS_ClockEnable)
    [Anonymous Symbol]                       0x10002420   Section        0  sys_me14.o(.text.MXC_SYS_Clock_Select)
    [Anonymous Symbol]                       0x1000260c   Section        0  sys_me14.o(.text.MXC_SYS_Clock_Timeout)
    [Anonymous Symbol]                       0x10002654   Section        0  sys_me14.o(.text.MXC_SYS_Reset_Periph)
    [Anonymous Symbol]                       0x100026c8   Section        0  uart_me14.o(.text.MXC_UART_GetFrequency)
    [Anonymous Symbol]                       0x100026d8   Section        0  uart_me14.o(.text.MXC_UART_Init)
    [Anonymous Symbol]                       0x100027f0   Section        0  uart_reva.o(.text.MXC_UART_RevA_GetFrequency)
    [Anonymous Symbol]                       0x10002930   Section        0  uart_reva.o(.text.MXC_UART_RevA_Init)
    [Anonymous Symbol]                       0x100029bc   Section        0  uart_reva.o(.text.MXC_UART_RevA_SetDataSize)
    [Anonymous Symbol]                       0x10002a64   Section        0  uart_reva.o(.text.MXC_UART_RevA_SetFrequency)
    [Anonymous Symbol]                       0x10002c58   Section        0  uart_reva.o(.text.MXC_UART_RevA_SetParity)
    [Anonymous Symbol]                       0x10002e38   Section        0  uart_reva.o(.text.MXC_UART_RevA_SetRXThreshold)
    [Anonymous Symbol]                       0x10002ecc   Section        0  uart_reva.o(.text.MXC_UART_RevA_SetStopBits)
    [Anonymous Symbol]                       0x10002f74   Section        0  uart_reva.o(.text.MXC_UART_RevA_SetTXThreshold)
    [Anonymous Symbol]                       0x10003010   Section        0  uart_me14.o(.text.MXC_UART_SetDataSize)
    [Anonymous Symbol]                       0x10003024   Section        0  uart_me14.o(.text.MXC_UART_SetFrequency)
    [Anonymous Symbol]                       0x10003038   Section        0  uart_me14.o(.text.MXC_UART_SetParity)
    [Anonymous Symbol]                       0x10003050   Section        0  uart_me14.o(.text.MXC_UART_SetRXThreshold)
    [Anonymous Symbol]                       0x10003064   Section        0  uart_me14.o(.text.MXC_UART_SetStopBits)
    [Anonymous Symbol]                       0x1000307c   Section        0  uart_me14.o(.text.MXC_UART_SetTXThreshold)
    [Anonymous Symbol]                       0x10003090   Section        0  uart_me14.o(.text.MXC_UART_Shutdown)
    [Anonymous Symbol]                       0x10003128   Section        0  board.o(.text.NMI_Handler)
    [Anonymous Symbol]                       0x1000312c   Section        0  pb.o(.text.PB_Init)
    [Anonymous Symbol]                       0x1000317c   Section        0  system_max32665.o(.text.PalSysInit)
    [Anonymous Symbol]                       0x10003180   Section        0  system_max32665.o(.text.PreInit)
    SPIXFC_ReadRXFIFO                        0x10003211   Thumb Code    80  spixf_reva.o(.text.SPIXFC_ReadRXFIFO)
    [Anonymous Symbol]                       0x10003210   Section        0  spixf_reva.o(.text.SPIXFC_ReadRXFIFO)
    [Anonymous Symbol]                       0x10003260   Section        0  mxc_delay.o(.text.SysTick_Handler)
    [Anonymous Symbol]                       0x10003268   Section        0  system_max32665.o(.text.SystemCoreClockUpdate)
    [Anonymous Symbol]                       0x1000331c   Section        0  system_max32665.o(.text.SystemInit)
    __NVIC_EnableIRQ                         0x10003491   Thumb Code    48  i2c_ah_sh_api.o(.text.__NVIC_EnableIRQ)
    [Anonymous Symbol]                       0x10003490   Section        0  i2c_ah_sh_api.o(.text.__NVIC_EnableIRQ)
    [Anonymous Symbol]                       0x100034c0   Section        0  stdio.o(.text._sys_exit)
    [Anonymous Symbol]                       0x100034c8   Section        0  algohub_config_api.o(.text.ah_get_cfg_wearablesuite_aferequest)
    [Anonymous Symbol]                       0x100034f4   Section        0  algohub_config_api.o(.text.ah_set_cfg_wearablesuite_clear_aferequest)
    [Anonymous Symbol]                       0x1000351c   Section        0  algohub_api.o(.text.algohub_enable)
    [Anonymous Symbol]                       0x10003538   Section        0  algohub_api.o(.text.algohub_feed_data)
    [Anonymous Symbol]                       0x10003688   Section        0  algohub_api.o(.text.algohub_init)
    [Anonymous Symbol]                       0x100036dc   Section        0  algohub_api.o(.text.algohub_read_outputfifo)
    [Anonymous Symbol]                       0x100038e8   Section        0  demo.o(.text.demoAlgohub)
    ext_flash_board_init                     0x10003991   Thumb Code    38  board.o(.text.ext_flash_board_init)
    [Anonymous Symbol]                       0x10003990   Section        0  board.o(.text.ext_flash_board_init)
    ext_flash_board_read                     0x100039b9   Thumb Code    84  board.o(.text.ext_flash_board_read)
    [Anonymous Symbol]                       0x100039b8   Section        0  board.o(.text.ext_flash_board_read)
    ext_flash_board_write                    0x10003a0d   Thumb Code    84  board.o(.text.ext_flash_board_write)
    [Anonymous Symbol]                       0x10003a0c   Section        0  board.o(.text.ext_flash_board_write)
    ext_flash_clock                          0x10003a61   Thumb Code    22  board.o(.text.ext_flash_clock)
    [Anonymous Symbol]                       0x10003a60   Section        0  board.o(.text.ext_flash_clock)
    [Anonymous Symbol]                       0x10003a78   Section        0  i2c_ah_sh_api.o(.text.i2c_init)
    [Anonymous Symbol]                       0x10003abc   Section        0  i2c_ah_sh_api.o(.text.i2c_read)
    [Anonymous Symbol]                       0x10003b14   Section        0  i2c_ah_sh_api.o(.text.i2c_write)
    [Anonymous Symbol]                       0x10003b6c   Section        0  sh_comm.o(.text.in_bootldr_mode)
    [Anonymous Symbol]                       0x10003bc0   Section        0  demo.o(.text.main)
    [Anonymous Symbol]                       0x10003bd0   Section        0  sh_comm.o(.text.sh_feed_to_input_fifo)
    [Anonymous Symbol]                       0x10003c18   Section        0  sh_comm.o(.text.sh_get_sens_cfg)
    [Anonymous Symbol]                       0x10003c5c   Section        0  sh_comm.o(.text.sh_get_sensorhub_status)
    [Anonymous Symbol]                       0x10003c94   Section        0  sh_comm.o(.text.sh_get_ss_fw_version)
    [Anonymous Symbol]                       0x10003d38   Section        0  sh_comm.o(.text.sh_init_hwcomm_interface)
    [Anonymous Symbol]                       0x10003d98   Section        0  sh_comm.o(.text.sh_read_cmd)
    [Anonymous Symbol]                       0x10003f4c   Section        0  sh_comm.o(.text.sh_read_fifo_data)
    [Anonymous Symbol]                       0x10003fa8   Section        0  sh_comm.o(.text.sh_sensor_enable_)
    [Anonymous Symbol]                       0x10003fe4   Section        0  sh_comm.o(.text.sh_set_data_type)
    [Anonymous Symbol]                       0x10004024   Section        0  sh_comm.o(.text.sh_set_fifo_thresh)
    [Anonymous Symbol]                       0x10004058   Section        0  sh_comm.o(.text.sh_set_sens_cfg)
    [Anonymous Symbol]                       0x10004094   Section        0  sh_comm.o(.text.sh_write_cmd)
    [Anonymous Symbol]                       0x100041e0   Section        0  sh_comm.o(.text.sh_write_cmd_with_data)
    $v0                                      0x10004228   Number         0  d2f.o(x$fpl$d2f)
    x$fpl$d2f                                0x10004228   Section       98  d2f.o(x$fpl$d2f)
    $v0                                      0x1000428c   Number         0  daddsub_clz.o(x$fpl$dadd)
    x$fpl$dadd                               0x1000428c   Section      336  daddsub_clz.o(x$fpl$dadd)
    _dadd1                                   0x1000429d   Thumb Code     0  daddsub_clz.o(x$fpl$dadd)
    $v0                                      0x100043dc   Number         0  ddiv.o(x$fpl$ddiv)
    x$fpl$ddiv                               0x100043dc   Section      696  ddiv.o(x$fpl$ddiv)
    ddiv_entry                               0x100043e3   Thumb Code     0  ddiv.o(x$fpl$ddiv)
    $v0                                      0x10004694   Number         0  dnaninf.o(x$fpl$dnaninf)
    x$fpl$dnaninf                            0x10004694   Section      156  dnaninf.o(x$fpl$dnaninf)
    $v0                                      0x10004730   Number         0  dretinf.o(x$fpl$dretinf)
    x$fpl$dretinf                            0x10004730   Section       12  dretinf.o(x$fpl$dretinf)
    $v0                                      0x1000473c   Number         0  daddsub_clz.o(x$fpl$dsub)
    x$fpl$dsub                               0x1000473c   Section      476  daddsub_clz.o(x$fpl$dsub)
    _dsub1                                   0x1000474d   Thumb Code     0  daddsub_clz.o(x$fpl$dsub)
    $v0                                      0x10004918   Number         0  f2d.o(x$fpl$f2d)
    x$fpl$f2d                                0x10004918   Section       86  f2d.o(x$fpl$f2d)
    $v0                                      0x1000496e   Number         0  fnaninf.o(x$fpl$fnaninf)
    x$fpl$fnaninf                            0x1000496e   Section      140  fnaninf.o(x$fpl$fnaninf)
    $v0                                      0x100049fa   Number         0  fpinit.o(x$fpl$fpinit)
    x$fpl$fpinit                             0x100049fa   Section       26  fpinit.o(x$fpl$fpinit)
    $v0                                      0x10004a14   Number         0  fretinf.o(x$fpl$fretinf)
    x$fpl$fretinf                            0x10004a14   Section       10  fretinf.o(x$fpl$fretinf)
    x$fpl$usenofp                            0x10004a1e   Section        0  usenofp.o(x$fpl$usenofp)
    .L__const.Board_Init.exf_cfg             0x10004a20   Data          16  board.o(.rodata..L__const.Board_Init.exf_cfg)
    algohub_reporting_size                   0x10004a30   Data           2  algohub_api.o(.rodata.algohub_reporting_size)
    [Anonymous Symbol]                       0x10004a30   Section        0  algohub_api.o(.rodata.algohub_reporting_size)
    mfio_pin                                 0x20000008   Data          12  sh_comm.o(.data.mfio_pin)
    [Anonymous Symbol]                       0x20000008   Section        0  sh_comm.o(.data.mfio_pin)
    overflows                                0x20000014   Data           4  mxc_delay.o(.data.overflows)
    [Anonymous Symbol]                       0x20000014   Section        0  mxc_delay.o(.data.overflows)
    reset_pin                                0x20000018   Data          12  sh_comm.o(.data.reset_pin)
    [Anonymous Symbol]                       0x20000018   Section        0  sh_comm.o(.data.reset_pin)
    .bss                                     0x20000028   Section       96  libspace.o(.bss)
    algohub_curr_mode                        0x20000088   Data           1  algohub_api.o(.bss.algohub_curr_mode)
    [Anonymous Symbol]                       0x20000088   Section        0  algohub_api.o(.bss.algohub_curr_mode)
    algohub_soft_ver                         0x20000089   Data           3  algohub_api.o(.bss.algohub_soft_ver)
    [Anonymous Symbol]                       0x20000089   Section        0  algohub_api.o(.bss.algohub_soft_ver)
    callback                                 0x2000008c   Data         256  gpio_common.o(.bss.callback)
    [Anonymous Symbol]                       0x2000008c   Section        0  gpio_common.o(.bss.callback)
    cbFunc                                   0x2000018c   Data           4  mxc_delay.o(.bss.cbFunc)
    [Anonymous Symbol]                       0x2000018c   Section        0  mxc_delay.o(.bss.cbFunc)
    cbparam                                  0x20000190   Data         256  gpio_common.o(.bss.cbparam)
    [Anonymous Symbol]                       0x20000190   Section        0  gpio_common.o(.bss.cbparam)
    ctrl_save                                0x20000290   Data           4  mxc_delay.o(.bss.ctrl_save)
    [Anonymous Symbol]                       0x20000290   Section        0  mxc_delay.o(.bss.ctrl_save)
    endtick                                  0x20000294   Data           4  mxc_delay.o(.bss.endtick)
    [Anonymous Symbol]                       0x20000294   Section        0  mxc_delay.o(.bss.endtick)
    g_cfg                                    0x20000298   Data          16  mx25.o(.bss.g_cfg)
    [Anonymous Symbol]                       0x20000298   Section        0  mx25.o(.bss.g_cfg)
    g_is_configured                          0x200002a8   Data           1  mx25.o(.bss.g_is_configured)
    [Anonymous Symbol]                       0x200002a8   Section        0  mx25.o(.bss.g_is_configured)
    sh_write_buf                             0x200002a9   Data         512  sh_comm.o(.bss.sh_write_buf)
    [Anonymous Symbol]                       0x200002a9   Section        0  sh_comm.o(.bss.sh_write_buf)
    states                                   0x200004ac   Data          72  i2c_reva.o(.bss.states)
    [Anonymous Symbol]                       0x200004ac   Section        0  i2c_reva.o(.bss.states)
    states                                   0x200004f4   Data           8  spixf_reva.o(.bss.states)
    [Anonymous Symbol]                       0x200004f4   Section        0  spixf_reva.o(.bss.states)
    Heap_Mem                                 0x20000500   Data        2048  startup_max32665.o(HEAP)
    HEAP                                     0x20000500   Section     2048  startup_max32665.o(HEAP)
    Stack_Mem                                0x20000d00   Data        2048  startup_max32665.o(STACK)
    STACK                                    0x20000d00   Section     2048  startup_max32665.o(STACK)
    __initial_sp                             0x20001500   Data           0  startup_max32665.o(STACK)

    Global Symbols

    Symbol Name                              Value     Ov Type        Size  Object(Section)

    BuildAttributes$$THM_ISAv4$E$P$D$K$B$S$7EM$VFPi3$EXTD16$VFPS$VFMA$PE$A:L22UL41UL21$X:L11$S22US41US21$IEEE1$IW$~IW$USESV6$~STKCKD$USESV7$~SHL$OTIME$ROPI$IEEEJ$EBA8$UX$STANDARDLIB$REQ8$PRES8$EABIv2 0x00000000   Number         0  anon$$obj.o ABSOLUTE
    _printf_flags                            0x00000000   Number         0  printf_stubs.o ABSOLUTE
    _printf_return_value                     0x00000000   Number         0  printf_stubs.o ABSOLUTE
    _printf_sizespec                         0x00000000   Number         0  printf_stubs.o ABSOLUTE
    _printf_widthprec                        0x00000000   Number         0  printf_stubs.o ABSOLUTE
    __ARM_exceptions_init                     - Undefined Weak Reference
    __alloca_initialize                       - Undefined Weak Reference
    __arm_preinit_                            - Undefined Weak Reference
    __arm_relocate_pie_                       - Undefined Weak Reference
    __cpp_initialize__aeabi_                  - Undefined Weak Reference
    __cxa_finalize                            - Undefined Weak Reference
    __sigvec_lookup                           - Undefined Weak Reference
    _atexit_init                              - Undefined Weak Reference
    _call_atexit_fns                          - Undefined Weak Reference
    _clock_init                               - Undefined Weak Reference
    _fp_trap_init                             - Undefined Weak Reference
    _fp_trap_shutdown                         - Undefined Weak Reference
    _get_lc_collate                           - Undefined Weak Reference
    _get_lc_monetary                          - Undefined Weak Reference
    _get_lc_time                              - Undefined Weak Reference
    _getenv_init                              - Undefined Weak Reference
    _handle_redirection                       - Undefined Weak Reference
    _init_alloc                               - Undefined Weak Reference
    _init_user_alloc                          - Undefined Weak Reference
    _initio                                   - Undefined Weak Reference
    _printf_mbtowc                            - Undefined Weak Reference
    _printf_wc                                - Undefined Weak Reference
    _rand_init                                - Undefined Weak Reference
    _signal_finish                            - Undefined Weak Reference
    _signal_init                              - Undefined Weak Reference
    _terminate_alloc                          - Undefined Weak Reference
    _terminate_user_alloc                     - Undefined Weak Reference
    _terminateio                              - Undefined Weak Reference
    __Vectors_Size                           0x000001bc   Number         0  startup_max32665.o ABSOLUTE
    __Vectors                                0x10000000   Data           0  startup_max32665.o(RESET)
    __isr_vector                             0x10000000   Data           4  startup_max32665.o(RESET)
    __Vectors_End                            0x100001bc   Data           0  startup_max32665.o(RESET)
    __main                                   0x100001bd   Thumb Code     8  __main.o(!!!main)
    __scatterload                            0x100001c5   Thumb Code     0  __scatter.o(!!!scatter)
    __scatterload_rt2                        0x100001c5   Thumb Code    84  __scatter.o(!!!scatter)
    __scatterload_rt2_thumb_only             0x100001c5   Thumb Code     0  __scatter.o(!!!scatter)
    __scatterload_loop                       0x100001cf   Thumb Code     0  __scatter.o(!!!scatter)
    __scatterload_copy                       0x10000221   Thumb Code    26  __scatter_copy.o(!!handler_copy)
    __scatterload_null                       0x1000023d   Thumb Code     2  __scatter.o(!!handler_null)
    __scatterload_zeroinit                   0x10000241   Thumb Code    28  __scatter_zi.o(!!handler_zi)
    __rt_lib_init                            0x1000025d   Thumb Code     0  libinit.o(.ARM.Collect$$libinit$$00000000)
    __rt_lib_init_fp_1                       0x1000025f   Thumb Code     0  libinit2.o(.ARM.Collect$$libinit$$00000001)
    __rt_lib_init_alloca_1                   0x10000263   Thumb Code     0  libinit2.o(.ARM.Collect$$libinit$$00000030)
    __rt_lib_init_argv_1                     0x10000263   Thumb Code     0  libinit2.o(.ARM.Collect$$libinit$$0000002E)
    __rt_lib_init_atexit_1                   0x10000263   Thumb Code     0  libinit2.o(.ARM.Collect$$libinit$$0000001D)
    __rt_lib_init_clock_1                    0x10000263   Thumb Code     0  libinit2.o(.ARM.Collect$$libinit$$00000023)
    __rt_lib_init_cpp_1                      0x10000263   Thumb Code     0  libinit2.o(.ARM.Collect$$libinit$$00000034)
    __rt_lib_init_exceptions_1               0x10000263   Thumb Code     0  libinit2.o(.ARM.Collect$$libinit$$00000032)
    __rt_lib_init_fp_trap_1                  0x10000263   Thumb Code     0  libinit2.o(.ARM.Collect$$libinit$$00000021)
    __rt_lib_init_getenv_1                   0x10000263   Thumb Code     0  libinit2.o(.ARM.Collect$$libinit$$00000025)
    __rt_lib_init_heap_1                     0x10000263   Thumb Code     0  libinit2.o(.ARM.Collect$$libinit$$0000000C)
    __rt_lib_init_lc_collate_1               0x10000263   Thumb Code     0  libinit2.o(.ARM.Collect$$libinit$$00000013)
    __rt_lib_init_lc_ctype_1                 0x10000263   Thumb Code     0  libinit2.o(.ARM.Collect$$libinit$$00000015)
    __rt_lib_init_lc_monetary_1              0x10000263   Thumb Code     0  libinit2.o(.ARM.Collect$$libinit$$00000017)
    __rt_lib_init_lc_numeric_1               0x10000263   Thumb Code     0  libinit2.o(.ARM.Collect$$libinit$$00000019)
    __rt_lib_init_lc_time_1                  0x10000263   Thumb Code     0  libinit2.o(.ARM.Collect$$libinit$$0000001B)
    __rt_lib_init_preinit_1                  0x10000263   Thumb Code     0  libinit2.o(.ARM.Collect$$libinit$$00000006)
    __rt_lib_init_rand_1                     0x10000263   Thumb Code     0  libinit2.o(.ARM.Collect$$libinit$$00000010)
    __rt_lib_init_relocate_pie_1             0x10000263   Thumb Code     0  libinit2.o(.ARM.Collect$$libinit$$00000004)
    __rt_lib_init_return                     0x10000263   Thumb Code     0  libinit2.o(.ARM.Collect$$libinit$$00000035)
    __rt_lib_init_signal_1                   0x10000263   Thumb Code     0  libinit2.o(.ARM.Collect$$libinit$$0000001F)
    __rt_lib_init_stdio_1                    0x10000263   Thumb Code     0  libinit2.o(.ARM.Collect$$libinit$$00000027)
    __rt_lib_init_user_alloc_1               0x10000263   Thumb Code     0  libinit2.o(.ARM.Collect$$libinit$$0000000E)
    __rt_lib_shutdown                        0x10000265   Thumb Code     0  libshutdown.o(.ARM.Collect$$libshutdown$$00000000)
    __rt_lib_shutdown_cpp_1                  0x10000267   Thumb Code     0  libshutdown2.o(.ARM.Collect$$libshutdown$$00000002)
    __rt_lib_shutdown_fp_trap_1              0x10000267   Thumb Code     0  libshutdown2.o(.ARM.Collect$$libshutdown$$00000007)
    __rt_lib_shutdown_heap_1                 0x10000267   Thumb Code     0  libshutdown2.o(.ARM.Collect$$libshutdown$$0000000F)
    __rt_lib_shutdown_return                 0x10000267   Thumb Code     0  libshutdown2.o(.ARM.Collect$$libshutdown$$00000010)
    __rt_lib_shutdown_signal_1               0x10000267   Thumb Code     0  libshutdown2.o(.ARM.Collect$$libshutdown$$0000000A)
    __rt_lib_shutdown_stdio_1                0x10000267   Thumb Code     0  libshutdown2.o(.ARM.Collect$$libshutdown$$00000004)
    __rt_lib_shutdown_user_alloc_1           0x10000267   Thumb Code     0  libshutdown2.o(.ARM.Collect$$libshutdown$$0000000C)
    __rt_entry                               0x10000269   Thumb Code     0  __rtentry.o(.ARM.Collect$$rtentry$$00000000)
    __rt_entry_presh_1                       0x10000269   Thumb Code     0  __rtentry2.o(.ARM.Collect$$rtentry$$00000002)
    __rt_entry_sh                            0x10000269   Thumb Code     0  __rtentry4.o(.ARM.Collect$$rtentry$$00000004)
    __rt_entry_li                            0x1000026f   Thumb Code     0  __rtentry2.o(.ARM.Collect$$rtentry$$0000000A)
    __rt_entry_postsh_1                      0x1000026f   Thumb Code     0  __rtentry2.o(.ARM.Collect$$rtentry$$00000009)
    __rt_entry_main                          0x10000273   Thumb Code     0  __rtentry2.o(.ARM.Collect$$rtentry$$0000000D)
    __rt_entry_postli_1                      0x10000273   Thumb Code     0  __rtentry2.o(.ARM.Collect$$rtentry$$0000000C)
    __rt_exit                                0x1000027b   Thumb Code     0  rtexit.o(.ARM.Collect$$rtexit$$00000000)
    __rt_exit_ls                             0x1000027d   Thumb Code     0  rtexit2.o(.ARM.Collect$$rtexit$$00000003)
    __rt_exit_prels_1                        0x1000027d   Thumb Code     0  rtexit2.o(.ARM.Collect$$rtexit$$00000002)
    __rt_exit_exit                           0x10000281   Thumb Code     0  rtexit2.o(.ARM.Collect$$rtexit$$00000004)
    Reset_Handler                            0x10000289   Thumb Code    14  startup_max32665.o(.text)
    HardFault_Handler                        0x1000029b   Thumb Code     2  startup_max32665.o(.text)
    MemManage_Handler                        0x1000029d   Thumb Code     2  startup_max32665.o(.text)
    BusFault_Handler                         0x1000029f   Thumb Code     2  startup_max32665.o(.text)
    UsageFault_Handler                       0x100002a1   Thumb Code     2  startup_max32665.o(.text)
    SVC_Handler                              0x100002a3   Thumb Code     2  startup_max32665.o(.text)
    DebugMon_Handler                         0x100002a5   Thumb Code     2  startup_max32665.o(.text)
    PendSV_Handler                           0x100002a7   Thumb Code     2  startup_max32665.o(.text)
    ADC_IRQHandler                           0x100002a9   Thumb Code     0  startup_max32665.o(.text)
    AUDIO_IRQHandler                         0x100002a9   Thumb Code     0  startup_max32665.o(.text)
    BTLE_AGC_EVENT_IRQHandler                0x100002a9   Thumb Code     0  startup_max32665.o(.text)
    BTLE_CFO_IRQHandler                      0x100002a9   Thumb Code     0  startup_max32665.o(.text)
    BTLE_GP_EVENT_IRQHandler                 0x100002a9   Thumb Code     0  startup_max32665.o(.text)
    BTLE_INV_APB_ADDR_IRQHandler             0x100002a9   Thumb Code     0  startup_max32665.o(.text)
    BTLE_IQ_DATA_VALID_IRQHandler            0x100002a9   Thumb Code     0  startup_max32665.o(.text)
    BTLE_RFFE_SPIM_IRQHandler                0x100002a9   Thumb Code     0  startup_max32665.o(.text)
    BTLE_RX_AES_IRQHandler                   0x100002a9   Thumb Code     0  startup_max32665.o(.text)
    BTLE_RX_ENG_DET_IRQHandler               0x100002a9   Thumb Code     0  startup_max32665.o(.text)
    BTLE_RX_RCVD_IRQHandler                  0x100002a9   Thumb Code     0  startup_max32665.o(.text)
    BTLE_SFD_DET_IRQHandler                  0x100002a9   Thumb Code     0  startup_max32665.o(.text)
    BTLE_SFD_TO_IRQHandler                   0x100002a9   Thumb Code     0  startup_max32665.o(.text)
    BTLE_SIG_DET_IRQHandler                  0x100002a9   Thumb Code     0  startup_max32665.o(.text)
    BTLE_TX_AES_IRQHandler                   0x100002a9   Thumb Code     0  startup_max32665.o(.text)
    BTLE_TX_DONE_IRQHandler                  0x100002a9   Thumb Code     0  startup_max32665.o(.text)
    DMA0_IRQHandler                          0x100002a9   Thumb Code     0  startup_max32665.o(.text)
    DMA10_IRQHandler                         0x100002a9   Thumb Code     0  startup_max32665.o(.text)
    DMA11_IRQHandler                         0x100002a9   Thumb Code     0  startup_max32665.o(.text)
    DMA12_IRQHandler                         0x100002a9   Thumb Code     0  startup_max32665.o(.text)
    DMA13_IRQHandler                         0x100002a9   Thumb Code     0  startup_max32665.o(.text)
    DMA14_IRQHandler                         0x100002a9   Thumb Code     0  startup_max32665.o(.text)
    DMA15_IRQHandler                         0x100002a9   Thumb Code     0  startup_max32665.o(.text)
    DMA1_IRQHandler                          0x100002a9   Thumb Code     0  startup_max32665.o(.text)
    DMA2_IRQHandler                          0x100002a9   Thumb Code     0  startup_max32665.o(.text)
    DMA3_IRQHandler                          0x100002a9   Thumb Code     0  startup_max32665.o(.text)
    DMA4_IRQHandler                          0x100002a9   Thumb Code     0  startup_max32665.o(.text)
    DMA5_IRQHandler                          0x100002a9   Thumb Code     0  startup_max32665.o(.text)
    DMA6_IRQHandler                          0x100002a9   Thumb Code     0  startup_max32665.o(.text)
    DMA7_IRQHandler                          0x100002a9   Thumb Code     0  startup_max32665.o(.text)
    DMA8_IRQHandler                          0x100002a9   Thumb Code     0  startup_max32665.o(.text)
    DMA9_IRQHandler                          0x100002a9   Thumb Code     0  startup_max32665.o(.text)
    DVS_IRQHandler                           0x100002a9   Thumb Code     0  startup_max32665.o(.text)
    ECC_IRQHandler                           0x100002a9   Thumb Code     0  startup_max32665.o(.text)
    FLC0_IRQHandler                          0x100002a9   Thumb Code     0  startup_max32665.o(.text)
    FLC1_IRQHandler                          0x100002a9   Thumb Code     0  startup_max32665.o(.text)
    GPIOWAKE_IRQHandler                      0x100002a9   Thumb Code     0  startup_max32665.o(.text)
    HTMR0_IRQHandler                         0x100002a9   Thumb Code     0  startup_max32665.o(.text)
    HTMR1_IRQHandler                         0x100002a9   Thumb Code     0  startup_max32665.o(.text)
    I2C0_IRQHandler                          0x100002a9   Thumb Code     0  startup_max32665.o(.text)
    I2C1_IRQHandler                          0x100002a9   Thumb Code     0  startup_max32665.o(.text)
    I2C2_IRQHandler                          0x100002a9   Thumb Code     0  startup_max32665.o(.text)
    OWM_IRQHandler                           0x100002a9   Thumb Code     0  startup_max32665.o(.text)
    PF_IRQHandler                            0x100002a9   Thumb Code     0  startup_max32665.o(.text)
    PT_IRQHandler                            0x100002a9   Thumb Code     0  startup_max32665.o(.text)
    RSV11_IRQHandler                         0x100002a9   Thumb Code     0  startup_max32665.o(.text)
    RSV12_IRQHandler                         0x100002a9   Thumb Code     0  startup_max32665.o(.text)
    RSV18_IRQHandler                         0x100002a9   Thumb Code     0  startup_max32665.o(.text)
    RSV19_IRQHandler                         0x100002a9   Thumb Code     0  startup_max32665.o(.text)
    RSV21_IRQHandler                         0x100002a9   Thumb Code     0  startup_max32665.o(.text)
    RSV22_IRQHandler                         0x100002a9   Thumb Code     0  startup_max32665.o(.text)
    RSV26_IRQHandler                         0x100002a9   Thumb Code     0  startup_max32665.o(.text)
    RSV32_IRQHandler                         0x100002a9   Thumb Code     0  startup_max32665.o(.text)
    RSV33_IRQHandler                         0x100002a9   Thumb Code     0  startup_max32665.o(.text)
    RSV35_IRQHandler                         0x100002a9   Thumb Code     0  startup_max32665.o(.text)
    RSV37_IRQHandler                         0x100002a9   Thumb Code     0  startup_max32665.o(.text)
    RSV55_IRQHandler                         0x100002a9   Thumb Code     0  startup_max32665.o(.text)
    RSV58_IRQHandler                         0x100002a9   Thumb Code     0  startup_max32665.o(.text)
    RSV61_IRQHandler                         0x100002a9   Thumb Code     0  startup_max32665.o(.text)
    RSV63_IRQHandler                         0x100002a9   Thumb Code     0  startup_max32665.o(.text)
    RSV64_IRQHandler                         0x100002a9   Thumb Code     0  startup_max32665.o(.text)
    RSV65_IRQHandler                         0x100002a9   Thumb Code     0  startup_max32665.o(.text)
    RSV88_IRQHandler                         0x100002a9   Thumb Code     0  startup_max32665.o(.text)
    RSV89_IRQHandler                         0x100002a9   Thumb Code     0  startup_max32665.o(.text)
    RSV90_IRQHandler                         0x100002a9   Thumb Code     0  startup_max32665.o(.text)
    RSV91_IRQHandler                         0x100002a9   Thumb Code     0  startup_max32665.o(.text)
    RSV92_IRQHandler                         0x100002a9   Thumb Code     0  startup_max32665.o(.text)
    RTC_IRQHandler                           0x100002a9   Thumb Code     0  startup_max32665.o(.text)
    SCA_IRQHandler                           0x100002a9   Thumb Code     0  startup_max32665.o(.text)
    SDHC_IRQHandler                          0x100002a9   Thumb Code     0  startup_max32665.o(.text)
    SDMA0_IRQHandler                         0x100002a9   Thumb Code     0  startup_max32665.o(.text)
    SIMO_IRQHandler                          0x100002a9   Thumb Code     0  startup_max32665.o(.text)
    SPI0_IRQHandler                          0x100002a9   Thumb Code     0  startup_max32665.o(.text)
    SPI1_IRQHandler                          0x100002a9   Thumb Code     0  startup_max32665.o(.text)
    SPI2_IRQHandler                          0x100002a9   Thumb Code     0  startup_max32665.o(.text)
    SPIXFC_IRQHandler                        0x100002a9   Thumb Code     0  startup_max32665.o(.text)
    TMR0_IRQHandler                          0x100002a9   Thumb Code     0  startup_max32665.o(.text)
    TMR1_IRQHandler                          0x100002a9   Thumb Code     0  startup_max32665.o(.text)
    TMR2_IRQHandler                          0x100002a9   Thumb Code     0  startup_max32665.o(.text)
    TMR3_IRQHandler                          0x100002a9   Thumb Code     0  startup_max32665.o(.text)
    TMR4_IRQHandler                          0x100002a9   Thumb Code     0  startup_max32665.o(.text)
    TMR5_IRQHandler                          0x100002a9   Thumb Code     0  startup_max32665.o(.text)
    TPU_IRQHandler                           0x100002a9   Thumb Code     0  startup_max32665.o(.text)
    TRNG_IRQHandler                          0x100002a9   Thumb Code     0  startup_max32665.o(.text)
    UART0_IRQHandler                         0x100002a9   Thumb Code     0  startup_max32665.o(.text)
    UART1_IRQHandler                         0x100002a9   Thumb Code     0  startup_max32665.o(.text)
    UART2_IRQHandler                         0x100002a9   Thumb Code     0  startup_max32665.o(.text)
    USBDMA_IRQHandler                        0x100002a9   Thumb Code     0  startup_max32665.o(.text)
    USB_IRQHandler                           0x100002a9   Thumb Code     0  startup_max32665.o(.text)
    WDT0_IRQHandler                          0x100002a9   Thumb Code     0  startup_max32665.o(.text)
    WDT1_IRQHandler                          0x100002a9   Thumb Code     0  startup_max32665.o(.text)
    WDT2_IRQHandler                          0x100002a9   Thumb Code     0  startup_max32665.o(.text)
    WUT_IRQHandler                           0x100002a9   Thumb Code     0  startup_max32665.o(.text)
    __user_initial_stackheap                 0x100002ad   Thumb Code    10  startup_max32665.o(.text)
    __aeabi_uldivmod                         0x100002d1   Thumb Code     0  lludivv7m.o(.text)
    _ll_udiv                                 0x100002d1   Thumb Code   240  lludivv7m.o(.text)
    __aeabi_memcpy                           0x100003c1   Thumb Code     0  rt_memcpy_v6.o(.text)
    __rt_memcpy                              0x100003c1   Thumb Code   138  rt_memcpy_v6.o(.text)
    _memcpy_lastbytes                        0x10000427   Thumb Code     0  rt_memcpy_v6.o(.text)
    __aeabi_memcpy4                          0x1000044b   Thumb Code     0  rt_memcpy_w.o(.text)
    __aeabi_memcpy8                          0x1000044b   Thumb Code     0  rt_memcpy_w.o(.text)
    __rt_memcpy_w                            0x1000044b   Thumb Code   100  rt_memcpy_w.o(.text)
    _memcpy_lastbytes_aligned                0x10000493   Thumb Code     0  rt_memcpy_w.o(.text)
    __aeabi_memclr                           0x100004af   Thumb Code     0  rt_memclr.o(.text)
    __rt_memclr                              0x100004af   Thumb Code     0  rt_memclr.o(.text)
    _memset                                  0x100004b3   Thumb Code    64  rt_memclr.o(.text)
    __aeabi_memclr4                          0x100004f3   Thumb Code     0  rt_memclr_w.o(.text)
    __aeabi_memclr8                          0x100004f3   Thumb Code     0  rt_memclr_w.o(.text)
    __rt_memclr_w                            0x100004f3   Thumb Code     0  rt_memclr_w.o(.text)
    _memset_w                                0x100004f7   Thumb Code    74  rt_memclr_w.o(.text)
    __use_two_region_memory                  0x10000541   Thumb Code     2  heapauxi.o(.text)
    __rt_heap_escrow$2region                 0x10000543   Thumb Code     2  heapauxi.o(.text)
    __rt_heap_expand$2region                 0x10000545   Thumb Code     2  heapauxi.o(.text)
    __user_setup_stackheap                   0x10000547   Thumb Code    74  sys_stackheap_outer.o(.text)
    exit                                     0x10000591   Thumb Code    18  exit.o(.text)
    __user_libspace                          0x100005a5   Thumb Code     8  libspace.o(.text)
    __user_perproc_libspace                  0x100005a5   Thumb Code     0  libspace.o(.text)
    __user_perthread_libspace                0x100005a5   Thumb Code     0  libspace.o(.text)
    main                                     0x100005ad   Thumb Code    12  sub_main.o(.text.$Sub$$main)
    Board_Init                               0x100005b9   Thumb Code   110  board.o(.text.Board_Init)
    Console_Init                             0x10000629   Thumb Code    48  board.o(.text.Console_Init)
    Ext_Flash_Configure                      0x10000659   Thumb Code    76  mx25.o(.text.Ext_Flash_Configure)
    GPIO0_IRQHandler                         0x100006a5   Thumb Code    10  pb.o(.text.GPIO0_IRQHandler)
    GPIO1_IRQHandler                         0x100006b1   Thumb Code    10  pb.o(.text.GPIO1_IRQHandler)
    I2C_MasterRead                           0x100006bd   Thumb Code   158  i2c_ah_sh_api.o(.text.I2C_MasterRead)
    I2C_MasterWrite                          0x1000075d   Thumb Code   156  i2c_ah_sh_api.o(.text.I2C_MasterWrite)
    LED_Init                                 0x100007f9   Thumb Code    86  led.o(.text.LED_Init)
    LED_Off                                  0x10000851   Thumb Code    38  led.o(.text.LED_Off)
    MXC_Delay                                0x10000919   Thumb Code   148  mxc_delay.o(.text.MXC_Delay)
    MXC_DelayAbort                           0x100009ad   Thumb Code    82  mxc_delay.o(.text.MXC_DelayAbort)
    MXC_DelayAsync                           0x10000a01   Thumb Code   108  mxc_delay.o(.text.MXC_DelayAsync)
    MXC_DelayCheck                           0x10000a6d   Thumb Code   172  mxc_delay.o(.text.MXC_DelayCheck)
    MXC_DelayHandler                         0x10000b19   Thumb Code   106  mxc_delay.o(.text.MXC_DelayHandler)
    MXC_FreeLock                             0x10000c79   Thumb Code    18  mxc_lock.o(.text.MXC_FreeLock)
    MXC_GPIO_ClearFlags                      0x10000c8d   Thumb Code    20  gpio_me14.o(.text.MXC_GPIO_ClearFlags)
    MXC_GPIO_Common_Handler                  0x10000ca1   Thumb Code   170  gpio_common.o(.text.MXC_GPIO_Common_Handler)
    MXC_GPIO_Config                          0x10000d4d   Thumb Code   286  gpio_me14.o(.text.MXC_GPIO_Config)
    MXC_GPIO_GetFlags                        0x10000e6d   Thumb Code    16  gpio_me14.o(.text.MXC_GPIO_GetFlags)
    MXC_GPIO_Handler                         0x10000e7d   Thumb Code    16  gpio_me14.o(.text.MXC_GPIO_Handler)
    MXC_GPIO_OutClr                          0x10000e8d   Thumb Code    20  gpio_me14.o(.text.MXC_GPIO_OutClr)
    MXC_GPIO_OutSet                          0x10000ea1   Thumb Code    20  gpio_me14.o(.text.MXC_GPIO_OutSet)
    MXC_GPIO_RevA_ClearFlags                 0x10000eb5   Thumb Code    16  gpio_reva.o(.text.MXC_GPIO_RevA_ClearFlags)
    MXC_GPIO_RevA_GetFlags                   0x10000ec5   Thumb Code    12  gpio_reva.o(.text.MXC_GPIO_RevA_GetFlags)
    MXC_GPIO_RevA_OutClr                     0x10000ed1   Thumb Code    16  gpio_reva.o(.text.MXC_GPIO_RevA_OutClr)
    MXC_GPIO_RevA_OutSet                     0x10000ee1   Thumb Code    16  gpio_reva.o(.text.MXC_GPIO_RevA_OutSet)
    MXC_GPIO_RevA_SetAF                      0x10000ef1   Thumb Code   244  gpio_reva.o(.text.MXC_GPIO_RevA_SetAF)
    MXC_GPIO_RevA_SetVSSEL                   0x10000fe5   Thumb Code    82  gpio_reva.o(.text.MXC_GPIO_RevA_SetVSSEL)
    MXC_GPIO_SetVSSEL                        0x10001039   Thumb Code    28  gpio_me14.o(.text.MXC_GPIO_SetVSSEL)
    MXC_GetLock                              0x10001055   Thumb Code    58  mxc_lock.o(.text.MXC_GetLock)
    MXC_I2C_ClearFlags                       0x10001091   Thumb Code    24  i2c_me14.o(.text.MXC_I2C_ClearFlags)
    MXC_I2C_ClearRXFIFO                      0x100010a9   Thumb Code    16  i2c_me14.o(.text.MXC_I2C_ClearRXFIFO)
    MXC_I2C_ClearTXFIFO                      0x100010b9   Thumb Code    16  i2c_me14.o(.text.MXC_I2C_ClearTXFIFO)
    MXC_I2C_Init                             0x100010c9   Thumb Code   218  i2c_me14.o(.text.MXC_I2C_Init)
    MXC_I2C_Read                             0x100011a5   Thumb Code    28  i2c_me14.o(.text.MXC_I2C_Read)
    MXC_I2C_ReadByte                         0x100011c1   Thumb Code    24  i2c_me14.o(.text.MXC_I2C_ReadByte)
    MXC_I2C_Recover                          0x100011d9   Thumb Code    20  i2c_me14.o(.text.MXC_I2C_Recover)
    MXC_I2C_RevA_ClearFlags                  0x100011ed   Thumb Code    24  i2c_reva.o(.text.MXC_I2C_RevA_ClearFlags)
    MXC_I2C_RevA_ClearRXFIFO                 0x10001205   Thumb Code    34  i2c_reva.o(.text.MXC_I2C_RevA_ClearRXFIFO)
    MXC_I2C_RevA_ClearTXFIFO                 0x10001229   Thumb Code    34  i2c_reva.o(.text.MXC_I2C_RevA_ClearTXFIFO)
    MXC_I2C_RevA_Init                        0x1000124d   Thumb Code   498  i2c_reva.o(.text.MXC_I2C_RevA_Init)
    MXC_I2C_RevA_Read                        0x10001441   Thumb Code   146  i2c_reva.o(.text.MXC_I2C_RevA_Read)
    MXC_I2C_RevA_ReadByte                    0x100014d5   Thumb Code    98  i2c_reva.o(.text.MXC_I2C_RevA_ReadByte)
    MXC_I2C_RevA_Recover                     0x10001539   Thumb Code   324  i2c_reva.o(.text.MXC_I2C_RevA_Recover)
    MXC_I2C_RevA_SetRXThreshold              0x1000167d   Thumb Code    62  i2c_reva.o(.text.MXC_I2C_RevA_SetRXThreshold)
    MXC_I2C_RevA_SetSlaveAddr                0x100016bd   Thumb Code   100  i2c_reva.o(.text.MXC_I2C_RevA_SetSlaveAddr)
    MXC_I2C_RevA_SetTXThreshold              0x10001721   Thumb Code    64  i2c_reva.o(.text.MXC_I2C_RevA_SetTXThreshold)
    MXC_I2C_RevA_Start                       0x10001761   Thumb Code    64  i2c_reva.o(.text.MXC_I2C_RevA_Start)
    MXC_I2C_RevA_Stop                        0x100017a1   Thumb Code    56  i2c_reva.o(.text.MXC_I2C_RevA_Stop)
    MXC_I2C_RevA_Write                       0x100017d9   Thumb Code   148  i2c_reva.o(.text.MXC_I2C_RevA_Write)
    MXC_I2C_RevA_WriteByte                   0x1000186d   Thumb Code    98  i2c_reva.o(.text.MXC_I2C_RevA_WriteByte)
    MXC_I2C_SetRXThreshold                   0x100018d1   Thumb Code    20  i2c_me14.o(.text.MXC_I2C_SetRXThreshold)
    MXC_I2C_SetSlaveAddr                     0x100018e5   Thumb Code    24  i2c_me14.o(.text.MXC_I2C_SetSlaveAddr)
    MXC_I2C_SetTXThreshold                   0x100018fd   Thumb Code    20  i2c_me14.o(.text.MXC_I2C_SetTXThreshold)
    MXC_I2C_Shutdown                         0x10001911   Thumb Code   398  i2c_me14.o(.text.MXC_I2C_Shutdown)
    MXC_I2C_Start                            0x10001aa1   Thumb Code    16  i2c_me14.o(.text.MXC_I2C_Start)
    MXC_I2C_Stop                             0x10001ab1   Thumb Code    16  i2c_me14.o(.text.MXC_I2C_Stop)
    MXC_I2C_Write                            0x10001ac1   Thumb Code    24  i2c_me14.o(.text.MXC_I2C_Write)
    MXC_I2C_WriteByte                        0x10001ad9   Thumb Code    24  i2c_me14.o(.text.MXC_I2C_WriteByte)
    MXC_SPIXF_Clocks                         0x10001af1   Thumb Code    52  spixf_me14.o(.text.MXC_SPIXF_Clocks)
    MXC_SPIXF_Enable                         0x10001b25   Thumb Code    16  spixf_me14.o(.text.MXC_SPIXF_Enable)
    MXC_SPIXF_Init                           0x10001b35   Thumb Code    66  spixf_me14.o(.text.MXC_SPIXF_Init)
    MXC_SPIXF_RevA_Clocks                    0x10001b79   Thumb Code   266  spixf_reva.o(.text.MXC_SPIXF_RevA_Clocks)
    MXC_SPIXF_RevA_Enable                    0x10001c85   Thumb Code    20  spixf_reva.o(.text.MXC_SPIXF_RevA_Enable)
    MXC_SPIXF_RevA_GetSPIFrequency           0x10001c99   Thumb Code    48  spixf_reva.o(.text.MXC_SPIXF_RevA_GetSPIFrequency)
    MXC_SPIXF_RevA_GetSPIFrequencyWrite      0x10001cc9   Thumb Code    50  spixf_reva.o(.text.MXC_SPIXF_RevA_GetSPIFrequencyWrite)
    MXC_SPIXF_RevA_Init                      0x10001cfd   Thumb Code   154  spixf_reva.o(.text.MXC_SPIXF_RevA_Init)
    MXC_SPIXF_RevA_RXFIFOEnable              0x10001d99   Thumb Code    20  spixf_reva.o(.text.MXC_SPIXF_RevA_RXFIFOEnable)
    MXC_SPIXF_RevA_SCKFeedbackDisable        0x10001dad   Thumb Code    32  spixf_reva.o(.text.MXC_SPIXF_RevA_SCKFeedbackDisable)
    MXC_SPIXF_RevA_SCKFeedbackEnable         0x10001dcd   Thumb Code    32  spixf_reva.o(.text.MXC_SPIXF_RevA_SCKFeedbackEnable)
    MXC_SPIXF_RevA_Set3ByteAddr              0x10001ded   Thumb Code    20  spixf_reva.o(.text.MXC_SPIXF_RevA_Set3ByteAddr)
    MXC_SPIXF_RevA_SetAddrWidth              0x10001e01   Thumb Code    30  spixf_reva.o(.text.MXC_SPIXF_RevA_SetAddrWidth)
    MXC_SPIXF_RevA_SetCmdValue               0x10001e21   Thumb Code    32  spixf_reva.o(.text.MXC_SPIXF_RevA_SetCmdValue)
    MXC_SPIXF_RevA_SetCmdWidth               0x10001e41   Thumb Code    30  spixf_reva.o(.text.MXC_SPIXF_RevA_SetCmdWidth)
    MXC_SPIXF_RevA_SetDataWidth              0x10001e61   Thumb Code    30  spixf_reva.o(.text.MXC_SPIXF_RevA_SetDataWidth)
    MXC_SPIXF_RevA_SetMode                   0x10001e81   Thumb Code    48  spixf_reva.o(.text.MXC_SPIXF_RevA_SetMode)
    MXC_SPIXF_RevA_SetPageSize               0x10001eb1   Thumb Code    28  spixf_reva.o(.text.MXC_SPIXF_RevA_SetPageSize)
    MXC_SPIXF_RevA_SetSPIFrequency           0x10001ecd   Thumb Code   338  spixf_reva.o(.text.MXC_SPIXF_RevA_SetSPIFrequency)
    MXC_SPIXF_RevA_SetSSActiveTime           0x10002021   Thumb Code    48  spixf_reva.o(.text.MXC_SPIXF_RevA_SetSSActiveTime)
    MXC_SPIXF_RevA_SetSSInactiveTime         0x10002051   Thumb Code    48  spixf_reva.o(.text.MXC_SPIXF_RevA_SetSSInactiveTime)
    MXC_SPIXF_RevA_SetSSPolActiveLow         0x10002081   Thumb Code    32  spixf_reva.o(.text.MXC_SPIXF_RevA_SetSSPolActiveLow)
    MXC_SPIXF_RevA_TXFIFOEnable              0x100020a1   Thumb Code    20  spixf_reva.o(.text.MXC_SPIXF_RevA_TXFIFOEnable)
    MXC_SPIXF_RevA_Transaction               0x100020b5   Thumb Code   684  spixf_reva.o(.text.MXC_SPIXF_RevA_Transaction)
    MXC_SPIXF_Transaction                    0x10002361   Thumb Code    32  spixf_me14.o(.text.MXC_SPIXF_Transaction)
    MXC_SYS_ClockDisable                     0x10002381   Thumb Code    78  sys_me14.o(.text.MXC_SYS_ClockDisable)
    MXC_SYS_ClockEnable                      0x100023d1   Thumb Code    78  sys_me14.o(.text.MXC_SYS_ClockEnable)
    MXC_SYS_Clock_Select                     0x10002421   Thumb Code   492  sys_me14.o(.text.MXC_SYS_Clock_Select)
    MXC_SYS_Clock_Timeout                    0x1000260d   Thumb Code    72  sys_me14.o(.text.MXC_SYS_Clock_Timeout)
    MXC_SYS_Reset_Periph                     0x10002655   Thumb Code   114  sys_me14.o(.text.MXC_SYS_Reset_Periph)
    MXC_UART_GetFrequency                    0x100026c9   Thumb Code    16  uart_me14.o(.text.MXC_UART_GetFrequency)
    MXC_UART_Init                            0x100026d9   Thumb Code   280  uart_me14.o(.text.MXC_UART_Init)
    MXC_UART_RevA_GetFrequency               0x100027f1   Thumb Code   312  uart_reva.o(.text.MXC_UART_RevA_GetFrequency)
    MXC_UART_RevA_Init                       0x10002931   Thumb Code   138  uart_reva.o(.text.MXC_UART_RevA_Init)
    MXC_UART_RevA_SetDataSize                0x100029bd   Thumb Code   166  uart_reva.o(.text.MXC_UART_RevA_SetDataSize)
    MXC_UART_RevA_SetFrequency               0x10002a65   Thumb Code   496  uart_reva.o(.text.MXC_UART_RevA_SetFrequency)
    MXC_UART_RevA_SetParity                  0x10002c59   Thumb Code   480  uart_reva.o(.text.MXC_UART_RevA_SetParity)
    MXC_UART_RevA_SetRXThreshold             0x10002e39   Thumb Code   146  uart_reva.o(.text.MXC_UART_RevA_SetRXThreshold)
    MXC_UART_RevA_SetStopBits                0x10002ecd   Thumb Code   168  uart_reva.o(.text.MXC_UART_RevA_SetStopBits)
    MXC_UART_RevA_SetTXThreshold             0x10002f75   Thumb Code   154  uart_reva.o(.text.MXC_UART_RevA_SetTXThreshold)
    MXC_UART_SetDataSize                     0x10003011   Thumb Code    20  uart_me14.o(.text.MXC_UART_SetDataSize)
    MXC_UART_SetFrequency                    0x10003025   Thumb Code    20  uart_me14.o(.text.MXC_UART_SetFrequency)
    MXC_UART_SetParity                       0x10003039   Thumb Code    24  uart_me14.o(.text.MXC_UART_SetParity)
    MXC_UART_SetRXThreshold                  0x10003051   Thumb Code    20  uart_me14.o(.text.MXC_UART_SetRXThreshold)
    MXC_UART_SetStopBits                     0x10003065   Thumb Code    24  uart_me14.o(.text.MXC_UART_SetStopBits)
    MXC_UART_SetTXThreshold                  0x1000307d   Thumb Code    20  uart_me14.o(.text.MXC_UART_SetTXThreshold)
    MXC_UART_Shutdown                        0x10003091   Thumb Code   152  uart_me14.o(.text.MXC_UART_Shutdown)
    NMI_Handler                              0x10003129   Thumb Code     4  board.o(.text.NMI_Handler)
    PB_Init                                  0x1000312d   Thumb Code    80  pb.o(.text.PB_Init)
    PalSysInit                               0x1000317d   Thumb Code     2  system_max32665.o(.text.PalSysInit)
    PreInit                                  0x10003181   Thumb Code   142  system_max32665.o(.text.PreInit)
    SysTick_Handler                          0x10003261   Thumb Code     8  mxc_delay.o(.text.SysTick_Handler)
    SystemCoreClockUpdate                    0x10003269   Thumb Code   180  system_max32665.o(.text.SystemCoreClockUpdate)
    SystemInit                               0x1000331d   Thumb Code   370  system_max32665.o(.text.SystemInit)
    _sys_exit                                0x100034c1   Thumb Code     8  stdio.o(.text._sys_exit)
    ah_get_cfg_wearablesuite_aferequest      0x100034c9   Thumb Code    42  algohub_config_api.o(.text.ah_get_cfg_wearablesuite_aferequest)
    ah_set_cfg_wearablesuite_clear_aferequest 0x100034f5   Thumb Code    38  algohub_config_api.o(.text.ah_set_cfg_wearablesuite_clear_aferequest)
    algohub_enable                           0x1000351d   Thumb Code    26  algohub_api.o(.text.algohub_enable)
    algohub_feed_data                        0x10003539   Thumb Code   336  algohub_api.o(.text.algohub_feed_data)
    algohub_init                             0x10003689   Thumb Code    84  algohub_api.o(.text.algohub_init)
    algohub_read_outputfifo                  0x100036dd   Thumb Code   522  algohub_api.o(.text.algohub_read_outputfifo)
    demoAlgohub                              0x100038e9   Thumb Code   168  demo.o(.text.demoAlgohub)
    i2c_init                                 0x10003a79   Thumb Code    68  i2c_ah_sh_api.o(.text.i2c_init)
    i2c_read                                 0x10003abd   Thumb Code    86  i2c_ah_sh_api.o(.text.i2c_read)
    i2c_write                                0x10003b15   Thumb Code    86  i2c_ah_sh_api.o(.text.i2c_write)
    in_bootldr_mode                          0x10003b6d   Thumb Code    82  sh_comm.o(.text.in_bootldr_mode)
    $Super$$main                             0x10003bc1   Thumb Code    16  demo.o(.text.main)
    sh_feed_to_input_fifo                    0x10003bd1   Thumb Code    72  sh_comm.o(.text.sh_feed_to_input_fifo)
    sh_get_sens_cfg                          0x10003c19   Thumb Code    66  sh_comm.o(.text.sh_get_sens_cfg)
    sh_get_sensorhub_status                  0x10003c5d   Thumb Code    56  sh_comm.o(.text.sh_get_sensorhub_status)
    sh_get_ss_fw_version                     0x10003c95   Thumb Code   162  sh_comm.o(.text.sh_get_ss_fw_version)
    sh_init_hwcomm_interface                 0x10003d39   Thumb Code    94  sh_comm.o(.text.sh_init_hwcomm_interface)
    sh_read_cmd                              0x10003d99   Thumb Code   434  sh_comm.o(.text.sh_read_cmd)
    sh_read_fifo_data                        0x10003f4d   Thumb Code    90  sh_comm.o(.text.sh_read_fifo_data)
    sh_sensor_enable_                        0x10003fa9   Thumb Code    60  sh_comm.o(.text.sh_sensor_enable_)
    sh_set_data_type                         0x10003fe5   Thumb Code    62  sh_comm.o(.text.sh_set_data_type)
    sh_set_fifo_thresh                       0x10004025   Thumb Code    50  sh_comm.o(.text.sh_set_fifo_thresh)
    sh_set_sens_cfg                          0x10004059   Thumb Code    58  sh_comm.o(.text.sh_set_sens_cfg)
    sh_write_cmd                             0x10004095   Thumb Code   332  sh_comm.o(.text.sh_write_cmd)
    sh_write_cmd_with_data                   0x100041e1   Thumb Code    70  sh_comm.o(.text.sh_write_cmd_with_data)
    __aeabi_d2f                              0x10004229   Thumb Code     0  d2f.o(x$fpl$d2f)
    _d2f                                     0x10004229   Thumb Code    98  d2f.o(x$fpl$d2f)
    __aeabi_dadd                             0x1000428d   Thumb Code     0  daddsub_clz.o(x$fpl$dadd)
    _dadd                                    0x1000428d   Thumb Code   332  daddsub_clz.o(x$fpl$dadd)
    __aeabi_ddiv                             0x100043dd   Thumb Code     0  ddiv.o(x$fpl$ddiv)
    _ddiv                                    0x100043dd   Thumb Code   560  ddiv.o(x$fpl$ddiv)
    __fpl_dnaninf                            0x10004695   Thumb Code   156  dnaninf.o(x$fpl$dnaninf)
    __fpl_dretinf                            0x10004731   Thumb Code    12  dretinf.o(x$fpl$dretinf)
    __aeabi_dsub                             0x1000473d   Thumb Code     0  daddsub_clz.o(x$fpl$dsub)
    _dsub                                    0x1000473d   Thumb Code   472  daddsub_clz.o(x$fpl$dsub)
    __aeabi_f2d                              0x10004919   Thumb Code     0  f2d.o(x$fpl$f2d)
    _f2d                                     0x10004919   Thumb Code    86  f2d.o(x$fpl$f2d)
    __fpl_fnaninf                            0x1000496f   Thumb Code   140  fnaninf.o(x$fpl$fnaninf)
    _fp_init                                 0x100049fb   Thumb Code    26  fpinit.o(x$fpl$fpinit)
    __fplib_config_fpu_vfp                   0x10004a13   Thumb Code     0  fpinit.o(x$fpl$fpinit)
    __fplib_config_pureend_doubles           0x10004a13   Thumb Code     0  fpinit.o(x$fpl$fpinit)
    __fpl_fretinf                            0x10004a15   Thumb Code    10  fretinf.o(x$fpl$fretinf)
    __I$use$fp                               0x10004a1e   Number         0  usenofp.o(x$fpl$usenofp)
    gpio_cfg_i2c0                            0x10004a34   Data          12  pins_me14.o(.rodata.gpio_cfg_i2c0)
    gpio_cfg_i2c1                            0x10004a40   Data          12  pins_me14.o(.rodata.gpio_cfg_i2c1)
    gpio_cfg_i2c2                            0x10004a4c   Data          12  pins_me14.o(.rodata.gpio_cfg_i2c2)
    gpio_cfg_spixfc                          0x10004a58   Data          12  pins_me14.o(.rodata.gpio_cfg_spixfc)
    gpio_cfg_uart0a                          0x10004a64   Data          12  pins_me14.o(.rodata.gpio_cfg_uart0a)
    gpio_cfg_uart0b                          0x10004a70   Data          12  pins_me14.o(.rodata.gpio_cfg_uart0b)
    gpio_cfg_uart1a                          0x10004a7c   Data          12  pins_me14.o(.rodata.gpio_cfg_uart1a)
    gpio_cfg_uart1b                          0x10004a88   Data          12  pins_me14.o(.rodata.gpio_cfg_uart1b)
    gpio_cfg_uart2a                          0x10004a94   Data          12  pins_me14.o(.rodata.gpio_cfg_uart2a)
    gpio_cfg_uart2b                          0x10004aa0   Data          12  pins_me14.o(.rodata.gpio_cfg_uart2b)
    led_pin                                  0x10004aac   Data          84  board.o(.rodata.led_pin)
    num_leds                                 0x10004b00   Data           4  board.o(.rodata.num_leds)
    num_pbs                                  0x10004b04   Data           4  board.o(.rodata.num_pbs)
    pb_pin                                   0x10004b08   Data          24  board.o(.rodata.pb_pin)
    Region$$Table$$Base                      0x10004b20   Number         0  anon$$obj.o(Region$$Table)
    Region$$Table$$Limit                     0x10004b40   Number         0  anon$$obj.o(Region$$Table)
    ConsoleUart                              0x20000000   Data           4  board.o(.data.ConsoleUart)
    SystemCoreClock                          0x20000004   Data           4  system_max32665.o(.data.SystemCoreClock)
    __libspace_start                         0x20000028   Data          96  libspace.o(.bss)
    __temporary_stack_top$libspace           0x20000088   Data           0  libspace.o(.bss)



==============================================================================

Memory Map of the image

  Image Entry point : 0x100001bd

  Load Region LR_IROM1 (Base: 0x10000000, Size: 0x00004b68, Max: 0x00080000, ABSOLUTE)

    Execution Region ER_IROM1 (Exec base: 0x10000000, Load base: 0x10000000, Size: 0x00004b40, Max: 0x00080000, ABSOLUTE)

    Exec Addr    Load Addr    Size         Type   Attr      Idx    E Section Name        Object

    0x10000000   0x10000000   0x000001bc   Data   RO         2228    RESET               startup_max32665.o
    0x100001bc   0x100001bc   0x00000008   Code   RO         2279  * !!!main             c_w.l(__main.o)
    0x100001c4   0x100001c4   0x0000005c   Code   RO         2642    !!!scatter          c_w.l(__scatter.o)
    0x10000220   0x10000220   0x0000001a   Code   RO         2646    !!handler_copy      c_w.l(__scatter_copy.o)
    0x1000023a   0x1000023a   0x00000002   PAD
    0x1000023c   0x1000023c   0x00000002   Code   RO         2643    !!handler_null      c_w.l(__scatter.o)
    0x1000023e   0x1000023e   0x00000002   PAD
    0x10000240   0x10000240   0x0000001c   Code   RO         2648    !!handler_zi        c_w.l(__scatter_zi.o)
    0x1000025c   0x1000025c   0x00000002   Code   RO         2499    .ARM.Collect$$libinit$$00000000  c_w.l(libinit.o)
    0x1000025e   0x1000025e   0x00000004   Code   RO         2522    .ARM.Collect$$libinit$$00000001  c_w.l(libinit2.o)
    0x10000262   0x10000262   0x00000000   Code   RO         2525    .ARM.Collect$$libinit$$00000004  c_w.l(libinit2.o)
    0x10000262   0x10000262   0x00000000   Code   RO         2527    .ARM.Collect$$libinit$$00000006  c_w.l(libinit2.o)
    0x10000262   0x10000262   0x00000000   Code   RO         2530    .ARM.Collect$$libinit$$0000000C  c_w.l(libinit2.o)
    0x10000262   0x10000262   0x00000000   Code   RO         2532    .ARM.Collect$$libinit$$0000000E  c_w.l(libinit2.o)
    0x10000262   0x10000262   0x00000000   Code   RO         2534    .ARM.Collect$$libinit$$00000010  c_w.l(libinit2.o)
    0x10000262   0x10000262   0x00000000   Code   RO         2537    .ARM.Collect$$libinit$$00000013  c_w.l(libinit2.o)
    0x10000262   0x10000262   0x00000000   Code   RO         2539    .ARM.Collect$$libinit$$00000015  c_w.l(libinit2.o)
    0x10000262   0x10000262   0x00000000   Code   RO         2541    .ARM.Collect$$libinit$$00000017  c_w.l(libinit2.o)
    0x10000262   0x10000262   0x00000000   Code   RO         2543    .ARM.Collect$$libinit$$00000019  c_w.l(libinit2.o)
    0x10000262   0x10000262   0x00000000   Code   RO         2545    .ARM.Collect$$libinit$$0000001B  c_w.l(libinit2.o)
    0x10000262   0x10000262   0x00000000   Code   RO         2547    .ARM.Collect$$libinit$$0000001D  c_w.l(libinit2.o)
    0x10000262   0x10000262   0x00000000   Code   RO         2549    .ARM.Collect$$libinit$$0000001F  c_w.l(libinit2.o)
    0x10000262   0x10000262   0x00000000   Code   RO         2551    .ARM.Collect$$libinit$$00000021  c_w.l(libinit2.o)
    0x10000262   0x10000262   0x00000000   Code   RO         2553    .ARM.Collect$$libinit$$00000023  c_w.l(libinit2.o)
    0x10000262   0x10000262   0x00000000   Code   RO         2555    .ARM.Collect$$libinit$$00000025  c_w.l(libinit2.o)
    0x10000262   0x10000262   0x00000000   Code   RO         2557    .ARM.Collect$$libinit$$00000027  c_w.l(libinit2.o)
    0x10000262   0x10000262   0x00000000   Code   RO         2561    .ARM.Collect$$libinit$$0000002E  c_w.l(libinit2.o)
    0x10000262   0x10000262   0x00000000   Code   RO         2563    .ARM.Collect$$libinit$$00000030  c_w.l(libinit2.o)
    0x10000262   0x10000262   0x00000000   Code   RO         2565    .ARM.Collect$$libinit$$00000032  c_w.l(libinit2.o)
    0x10000262   0x10000262   0x00000000   Code   RO         2567    .ARM.Collect$$libinit$$00000034  c_w.l(libinit2.o)
    0x10000262   0x10000262   0x00000002   Code   RO         2568    .ARM.Collect$$libinit$$00000035  c_w.l(libinit2.o)
    0x10000264   0x10000264   0x00000002   Code   RO         2594    .ARM.Collect$$libshutdown$$00000000  c_w.l(libshutdown.o)
    0x10000266   0x10000266   0x00000000   Code   RO         2622    .ARM.Collect$$libshutdown$$00000002  c_w.l(libshutdown2.o)
    0x10000266   0x10000266   0x00000000   Code   RO         2624    .ARM.Collect$$libshutdown$$00000004  c_w.l(libshutdown2.o)
    0x10000266   0x10000266   0x00000000   Code   RO         2627    .ARM.Collect$$libshutdown$$00000007  c_w.l(libshutdown2.o)
    0x10000266   0x10000266   0x00000000   Code   RO         2630    .ARM.Collect$$libshutdown$$0000000A  c_w.l(libshutdown2.o)
    0x10000266   0x10000266   0x00000000   Code   RO         2632    .ARM.Collect$$libshutdown$$0000000C  c_w.l(libshutdown2.o)
    0x10000266   0x10000266   0x00000000   Code   RO         2635    .ARM.Collect$$libshutdown$$0000000F  c_w.l(libshutdown2.o)
    0x10000266   0x10000266   0x00000002   Code   RO         2636    .ARM.Collect$$libshutdown$$00000010  c_w.l(libshutdown2.o)
    0x10000268   0x10000268   0x00000000   Code   RO         2295    .ARM.Collect$$rtentry$$00000000  c_w.l(__rtentry.o)
    0x10000268   0x10000268   0x00000000   Code   RO         2411    .ARM.Collect$$rtentry$$00000002  c_w.l(__rtentry2.o)
    0x10000268   0x10000268   0x00000006   Code   RO         2423    .ARM.Collect$$rtentry$$00000004  c_w.l(__rtentry4.o)
    0x1000026e   0x1000026e   0x00000000   Code   RO         2413    .ARM.Collect$$rtentry$$00000009  c_w.l(__rtentry2.o)
    0x1000026e   0x1000026e   0x00000004   Code   RO         2414    .ARM.Collect$$rtentry$$0000000A  c_w.l(__rtentry2.o)
    0x10000272   0x10000272   0x00000000   Code   RO         2416    .ARM.Collect$$rtentry$$0000000C  c_w.l(__rtentry2.o)
    0x10000272   0x10000272   0x00000008   Code   RO         2417    .ARM.Collect$$rtentry$$0000000D  c_w.l(__rtentry2.o)
    0x1000027a   0x1000027a   0x00000002   Code   RO         2507    .ARM.Collect$$rtexit$$00000000  c_w.l(rtexit.o)
    0x1000027c   0x1000027c   0x00000000   Code   RO         2570    .ARM.Collect$$rtexit$$00000002  c_w.l(rtexit2.o)
    0x1000027c   0x1000027c   0x00000004   Code   RO         2571    .ARM.Collect$$rtexit$$00000003  c_w.l(rtexit2.o)
    0x10000280   0x10000280   0x00000006   Code   RO         2572    .ARM.Collect$$rtexit$$00000004  c_w.l(rtexit2.o)
    0x10000286   0x10000286   0x00000002   PAD
    0x10000288   0x10000288   0x00000048   Code   RO         2229    .text               startup_max32665.o
    0x100002d0   0x100002d0   0x000000f0   Code   RO         2263    .text               c_w.l(lludivv7m.o)
    0x100003c0   0x100003c0   0x0000008a   Code   RO         2269    .text               c_w.l(rt_memcpy_v6.o)
    0x1000044a   0x1000044a   0x00000064   Code   RO         2271    .text               c_w.l(rt_memcpy_w.o)
    0x100004ae   0x100004ae   0x00000044   Code   RO         2273    .text               c_w.l(rt_memclr.o)
    0x100004f2   0x100004f2   0x0000004e   Code   RO         2275    .text               c_w.l(rt_memclr_w.o)
    0x10000540   0x10000540   0x00000006   Code   RO         2277    .text               c_w.l(heapauxi.o)
    0x10000546   0x10000546   0x0000004a   Code   RO         2447    .text               c_w.l(sys_stackheap_outer.o)
    0x10000590   0x10000590   0x00000012   Code   RO         2488    .text               c_w.l(exit.o)
    0x100005a2   0x100005a2   0x00000002   PAD
    0x100005a4   0x100005a4   0x00000008   Code   RO         2504    .text               c_w.l(libspace.o)
    0x100005ac   0x100005ac   0x0000000c   Code   RO         2234    .text.$Sub$$main    sub_main.o
    0x100005b8   0x100005b8   0x0000006e   Code   RO          605    .text.Board_Init    board.o
    0x10000626   0x10000626   0x00000002   PAD
    0x10000628   0x10000628   0x00000030   Code   RO          615    .text.Console_Init  board.o
    0x10000658   0x10000658   0x0000004c   Code   RO          699    .text.Ext_Flash_Configure  mx25.o
    0x100006a4   0x100006a4   0x0000000a   Code   RO          657    .text.GPIO0_IRQHandler  pb.o
    0x100006ae   0x100006ae   0x00000002   PAD
    0x100006b0   0x100006b0   0x0000000a   Code   RO          659    .text.GPIO1_IRQHandler  pb.o
    0x100006ba   0x100006ba   0x00000002   PAD
    0x100006bc   0x100006bc   0x0000009e   Code   RO          369    .text.I2C_MasterRead  i2c_ah_sh_api.o
    0x1000075a   0x1000075a   0x00000002   PAD
    0x1000075c   0x1000075c   0x0000009c   Code   RO          367    .text.I2C_MasterWrite  i2c_ah_sh_api.o
    0x100007f8   0x100007f8   0x00000056   Code   RO          634    .text.LED_Init      led.o
    0x1000084e   0x1000084e   0x00000002   PAD
    0x10000850   0x10000850   0x00000026   Code   RO          636    .text.LED_Off       led.o
    0x10000876   0x10000876   0x00000002   PAD
    0x10000878   0x10000878   0x00000038   Code   RO          254    .text.LPM_pull_mfio_to_high  sh_comm.o
    0x100008b0   0x100008b0   0x00000040   Code   RO          252    .text.LPM_pull_mfio_to_low_and_keep  sh_comm.o
    0x100008f0   0x100008f0   0x00000026   Code   RO          256    .text.LPM_set_mfio_as_input  sh_comm.o
    0x10000916   0x10000916   0x00000002   PAD
    0x10000918   0x10000918   0x00000094   Code   RO         1688    .text.MXC_Delay     mxc_delay.o
    0x100009ac   0x100009ac   0x00000052   Code   RO         1680    .text.MXC_DelayAbort  mxc_delay.o
    0x100009fe   0x100009fe   0x00000002   PAD
    0x10000a00   0x10000a00   0x0000006c   Code   RO         1682    .text.MXC_DelayAsync  mxc_delay.o
    0x10000a6c   0x10000a6c   0x000000ac   Code   RO         1686    .text.MXC_DelayCheck  mxc_delay.o
    0x10000b18   0x10000b18   0x0000006a   Code   RO         1678    .text.MXC_DelayHandler  mxc_delay.o
    0x10000b82   0x10000b82   0x00000002   PAD
    0x10000b84   0x10000b84   0x000000f4   Code   RO         1684    .text.MXC_DelayInit  mxc_delay.o
    0x10000c78   0x10000c78   0x00000012   Code   RO         1703    .text.MXC_FreeLock  mxc_lock.o
    0x10000c8a   0x10000c8a   0x00000002   PAD
    0x10000c8c   0x10000c8c   0x00000014   Code   RO          996    .text.MXC_GPIO_ClearFlags  gpio_me14.o
    0x10000ca0   0x10000ca0   0x000000aa   Code   RO          952    .text.MXC_GPIO_Common_Handler  gpio_common.o
    0x10000d4a   0x10000d4a   0x00000002   PAD
    0x10000d4c   0x10000d4c   0x0000011e   Code   RO          970    .text.MXC_GPIO_Config  gpio_me14.o
    0x10000e6a   0x10000e6a   0x00000002   PAD
    0x10000e6c   0x10000e6c   0x00000010   Code   RO          998    .text.MXC_GPIO_GetFlags  gpio_me14.o
    0x10000e7c   0x10000e7c   0x00000010   Code   RO          994    .text.MXC_GPIO_Handler  gpio_me14.o
    0x10000e8c   0x10000e8c   0x00000014   Code   RO          978    .text.MXC_GPIO_OutClr  gpio_me14.o
    0x10000ea0   0x10000ea0   0x00000014   Code   RO          976    .text.MXC_GPIO_OutSet  gpio_me14.o
    0x10000eb4   0x10000eb4   0x00000010   Code   RO         1025    .text.MXC_GPIO_RevA_ClearFlags  gpio_reva.o
    0x10000ec4   0x10000ec4   0x0000000c   Code   RO         1027    .text.MXC_GPIO_RevA_GetFlags  gpio_reva.o
    0x10000ed0   0x10000ed0   0x00000010   Code   RO         1011    .text.MXC_GPIO_RevA_OutClr  gpio_reva.o
    0x10000ee0   0x10000ee0   0x00000010   Code   RO         1009    .text.MXC_GPIO_RevA_OutSet  gpio_reva.o
    0x10000ef0   0x10000ef0   0x000000f4   Code   RO         1031    .text.MXC_GPIO_RevA_SetAF  gpio_reva.o
    0x10000fe4   0x10000fe4   0x00000052   Code   RO         1029    .text.MXC_GPIO_RevA_SetVSSEL  gpio_reva.o
    0x10001036   0x10001036   0x00000002   PAD
    0x10001038   0x10001038   0x0000001c   Code   RO          972    .text.MXC_GPIO_SetVSSEL  gpio_me14.o
    0x10001054   0x10001054   0x0000003a   Code   RO         1701    .text.MXC_GetLock   mxc_lock.o
    0x1000108e   0x1000108e   0x00000002   PAD
    0x10001090   0x10001090   0x00000018   Code   RO         1088    .text.MXC_I2C_ClearFlags  i2c_me14.o
    0x100010a8   0x100010a8   0x00000010   Code   RO         1082    .text.MXC_I2C_ClearRXFIFO  i2c_me14.o
    0x100010b8   0x100010b8   0x00000010   Code   RO         1084    .text.MXC_I2C_ClearTXFIFO  i2c_me14.o
    0x100010c8   0x100010c8   0x000000da   Code   RO         1040    .text.MXC_I2C_Init  i2c_me14.o
    0x100011a2   0x100011a2   0x00000002   PAD
    0x100011a4   0x100011a4   0x0000001c   Code   RO         1068    .text.MXC_I2C_Read  i2c_me14.o
    0x100011c0   0x100011c0   0x00000018   Code   RO         1062    .text.MXC_I2C_ReadByte  i2c_me14.o
    0x100011d8   0x100011d8   0x00000014   Code   RO         1106    .text.MXC_I2C_Recover  i2c_me14.o
    0x100011ec   0x100011ec   0x00000018   Code   RO         1188    .text.MXC_I2C_RevA_ClearFlags  i2c_reva.o
    0x10001204   0x10001204   0x00000022   Code   RO         1182    .text.MXC_I2C_RevA_ClearRXFIFO  i2c_reva.o
    0x10001226   0x10001226   0x00000002   PAD
    0x10001228   0x10001228   0x00000022   Code   RO         1184    .text.MXC_I2C_RevA_ClearTXFIFO  i2c_reva.o
    0x1000124a   0x1000124a   0x00000002   PAD
    0x1000124c   0x1000124c   0x000001f2   Code   RO         1138    .text.MXC_I2C_RevA_Init  i2c_reva.o
    0x1000143e   0x1000143e   0x00000002   PAD
    0x10001440   0x10001440   0x00000092   Code   RO         1166    .text.MXC_I2C_RevA_Read  i2c_reva.o
    0x100014d2   0x100014d2   0x00000002   PAD
    0x100014d4   0x100014d4   0x00000062   Code   RO         1160    .text.MXC_I2C_RevA_ReadByte  i2c_reva.o
    0x10001536   0x10001536   0x00000002   PAD
    0x10001538   0x10001538   0x00000144   Code   RO         1194    .text.MXC_I2C_RevA_Recover  i2c_reva.o
    0x1000167c   0x1000167c   0x0000003e   Code   RO         1222    .text.MXC_I2C_RevA_SetRXThreshold  i2c_reva.o
    0x100016ba   0x100016ba   0x00000002   PAD
    0x100016bc   0x100016bc   0x00000064   Code   RO         1140    .text.MXC_I2C_RevA_SetSlaveAddr  i2c_reva.o
    0x10001720   0x10001720   0x00000040   Code   RO         1226    .text.MXC_I2C_RevA_SetTXThreshold  i2c_reva.o
    0x10001760   0x10001760   0x00000040   Code   RO         1154    .text.MXC_I2C_RevA_Start  i2c_reva.o
    0x100017a0   0x100017a0   0x00000038   Code   RO         1156    .text.MXC_I2C_RevA_Stop  i2c_reva.o
    0x100017d8   0x100017d8   0x00000094   Code   RO         1164    .text.MXC_I2C_RevA_Write  i2c_reva.o
    0x1000186c   0x1000186c   0x00000062   Code   RO         1158    .text.MXC_I2C_RevA_WriteByte  i2c_reva.o
    0x100018ce   0x100018ce   0x00000002   PAD
    0x100018d0   0x100018d0   0x00000014   Code   RO         1118    .text.MXC_I2C_SetRXThreshold  i2c_me14.o
    0x100018e4   0x100018e4   0x00000018   Code   RO         1044    .text.MXC_I2C_SetSlaveAddr  i2c_me14.o
    0x100018fc   0x100018fc   0x00000014   Code   RO         1122    .text.MXC_I2C_SetTXThreshold  i2c_me14.o
    0x10001910   0x10001910   0x0000018e   Code   RO         1042    .text.MXC_I2C_Shutdown  i2c_me14.o
    0x10001a9e   0x10001a9e   0x00000002   PAD
    0x10001aa0   0x10001aa0   0x00000010   Code   RO         1056    .text.MXC_I2C_Start  i2c_me14.o
    0x10001ab0   0x10001ab0   0x00000010   Code   RO         1058    .text.MXC_I2C_Stop  i2c_me14.o
    0x10001ac0   0x10001ac0   0x00000018   Code   RO         1066    .text.MXC_I2C_Write  i2c_me14.o
    0x10001ad8   0x10001ad8   0x00000018   Code   RO         1060    .text.MXC_I2C_WriteByte  i2c_me14.o
    0x10001af0   0x10001af0   0x00000034   Code   RO         1255    .text.MXC_SPIXF_Clocks  spixf_me14.o
    0x10001b24   0x10001b24   0x00000010   Code   RO         1419    .text.MXC_SPIXF_Enable  spixf_me14.o
    0x10001b34   0x10001b34   0x00000042   Code   RO         1249    .text.MXC_SPIXF_Init  spixf_me14.o
    0x10001b76   0x10001b76   0x00000002   PAD
    0x10001b78   0x10001b78   0x0000010a   Code   RO         1514    .text.MXC_SPIXF_RevA_Clocks  spixf_reva.o
    0x10001c82   0x10001c82   0x00000002   PAD
    0x10001c84   0x10001c84   0x00000014   Code   RO         1652    .text.MXC_SPIXF_RevA_Enable  spixf_reva.o
    0x10001c98   0x10001c98   0x00000030   Code   RO         1544    .text.MXC_SPIXF_RevA_GetSPIFrequency  spixf_reva.o
    0x10001cc8   0x10001cc8   0x00000032   Code   RO         1542    .text.MXC_SPIXF_RevA_GetSPIFrequencyWrite  spixf_reva.o
    0x10001cfa   0x10001cfa   0x00000002   PAD
    0x10001cfc   0x10001cfc   0x0000009a   Code   RO         1458    .text.MXC_SPIXF_RevA_Init  spixf_reva.o
    0x10001d96   0x10001d96   0x00000002   PAD
    0x10001d98   0x10001d98   0x00000014   Code   RO         1460    .text.MXC_SPIXF_RevA_RXFIFOEnable  spixf_reva.o
    0x10001dac   0x10001dac   0x00000020   Code   RO         1516    .text.MXC_SPIXF_RevA_SCKFeedbackDisable  spixf_reva.o
    0x10001dcc   0x10001dcc   0x00000020   Code   RO         1464    .text.MXC_SPIXF_RevA_SCKFeedbackEnable  spixf_reva.o
    0x10001dec   0x10001dec   0x00000014   Code   RO         1480    .text.MXC_SPIXF_RevA_Set3ByteAddr  spixf_reva.o
    0x10001e00   0x10001e00   0x0000001e   Code   RO         1476    .text.MXC_SPIXF_RevA_SetAddrWidth  spixf_reva.o
    0x10001e1e   0x10001e1e   0x00000002   PAD
    0x10001e20   0x10001e20   0x00000020   Code   RO         1472    .text.MXC_SPIXF_RevA_SetCmdValue  spixf_reva.o
    0x10001e40   0x10001e40   0x0000001e   Code   RO         1474    .text.MXC_SPIXF_RevA_SetCmdWidth  spixf_reva.o
    0x10001e5e   0x10001e5e   0x00000002   PAD
    0x10001e60   0x10001e60   0x0000001e   Code   RO         1478    .text.MXC_SPIXF_RevA_SetDataWidth  spixf_reva.o
    0x10001e7e   0x10001e7e   0x00000002   PAD
    0x10001e80   0x10001e80   0x00000030   Code   RO         1482    .text.MXC_SPIXF_RevA_SetMode  spixf_reva.o
    0x10001eb0   0x10001eb0   0x0000001c   Code   RO         1484    .text.MXC_SPIXF_RevA_SetPageSize  spixf_reva.o
    0x10001ecc   0x10001ecc   0x00000152   Code   RO         1466    .text.MXC_SPIXF_RevA_SetSPIFrequency  spixf_reva.o
    0x1000201e   0x1000201e   0x00000002   PAD
    0x10002020   0x10002020   0x00000030   Code   RO         1468    .text.MXC_SPIXF_RevA_SetSSActiveTime  spixf_reva.o
    0x10002050   0x10002050   0x00000030   Code   RO         1470    .text.MXC_SPIXF_RevA_SetSSInactiveTime  spixf_reva.o
    0x10002080   0x10002080   0x00000020   Code   RO         1486    .text.MXC_SPIXF_RevA_SetSSPolActiveLow  spixf_reva.o
    0x100020a0   0x100020a0   0x00000014   Code   RO         1462    .text.MXC_SPIXF_RevA_TXFIFOEnable  spixf_reva.o
    0x100020b4   0x100020b4   0x000002ac   Code   RO         1518    .text.MXC_SPIXF_RevA_Transaction  spixf_reva.o
    0x10002360   0x10002360   0x00000020   Code   RO         1257    .text.MXC_SPIXF_Transaction  spixf_me14.o
    0x10002380   0x10002380   0x0000004e   Code   RO         1805    .text.MXC_SYS_ClockDisable  sys_me14.o
    0x100023ce   0x100023ce   0x00000002   PAD
    0x100023d0   0x100023d0   0x0000004e   Code   RO         1807    .text.MXC_SYS_ClockEnable  sys_me14.o
    0x1000241e   0x1000241e   0x00000002   PAD
    0x10002420   0x10002420   0x000001ec   Code   RO         1819    .text.MXC_SYS_Clock_Select  sys_me14.o
    0x1000260c   0x1000260c   0x00000048   Code   RO         1815    .text.MXC_SYS_Clock_Timeout  sys_me14.o
    0x10002654   0x10002654   0x00000072   Code   RO         1823    .text.MXC_SYS_Reset_Periph  sys_me14.o
    0x100026c6   0x100026c6   0x00000002   PAD
    0x100026c8   0x100026c8   0x00000010   Code   RO         2022    .text.MXC_UART_GetFrequency  uart_me14.o
    0x100026d8   0x100026d8   0x00000118   Code   RO         2014    .text.MXC_UART_Init  uart_me14.o
    0x100027f0   0x100027f0   0x00000140   Code   RO         2119    .text.MXC_UART_RevA_GetFrequency  uart_reva.o
    0x10002930   0x10002930   0x0000008a   Code   RO         2113    .text.MXC_UART_RevA_Init  uart_reva.o
    0x100029ba   0x100029ba   0x00000002   PAD
    0x100029bc   0x100029bc   0x000000a6   Code   RO         2121    .text.MXC_UART_RevA_SetDataSize  uart_reva.o
    0x10002a62   0x10002a62   0x00000002   PAD
    0x10002a64   0x10002a64   0x000001f4   Code   RO         2117    .text.MXC_UART_RevA_SetFrequency  uart_reva.o
    0x10002c58   0x10002c58   0x000001e0   Code   RO         2125    .text.MXC_UART_RevA_SetParity  uart_reva.o
    0x10002e38   0x10002e38   0x00000092   Code   RO         2163    .text.MXC_UART_RevA_SetRXThreshold  uart_reva.o
    0x10002eca   0x10002eca   0x00000002   PAD
    0x10002ecc   0x10002ecc   0x000000a8   Code   RO         2123    .text.MXC_UART_RevA_SetStopBits  uart_reva.o
    0x10002f74   0x10002f74   0x0000009a   Code   RO         2167    .text.MXC_UART_RevA_SetTXThreshold  uart_reva.o
    0x1000300e   0x1000300e   0x00000002   PAD
    0x10003010   0x10003010   0x00000014   Code   RO         2024    .text.MXC_UART_SetDataSize  uart_me14.o
    0x10003024   0x10003024   0x00000014   Code   RO         2020    .text.MXC_UART_SetFrequency  uart_me14.o
    0x10003038   0x10003038   0x00000018   Code   RO         2028    .text.MXC_UART_SetParity  uart_me14.o
    0x10003050   0x10003050   0x00000014   Code   RO         2070    .text.MXC_UART_SetRXThreshold  uart_me14.o
    0x10003064   0x10003064   0x00000018   Code   RO         2026    .text.MXC_UART_SetStopBits  uart_me14.o
    0x1000307c   0x1000307c   0x00000014   Code   RO         2074    .text.MXC_UART_SetTXThreshold  uart_me14.o
    0x10003090   0x10003090   0x00000098   Code   RO         2016    .text.MXC_UART_Shutdown  uart_me14.o
    0x10003128   0x10003128   0x00000004   Code   RO          619    .text.NMI_Handler   board.o
    0x1000312c   0x1000312c   0x00000050   Code   RO          649    .text.PB_Init       pb.o
    0x1000317c   0x1000317c   0x00000002   Code   RO         2248    .text.PalSysInit    system_max32665.o
    0x1000317e   0x1000317e   0x00000002   PAD
    0x10003180   0x10003180   0x0000008e   Code   RO         2244    .text.PreInit       system_max32665.o
    0x1000320e   0x1000320e   0x00000002   PAD
    0x10003210   0x10003210   0x00000050   Code   RO         1520    .text.SPIXFC_ReadRXFIFO  spixf_reva.o
    0x10003260   0x10003260   0x00000008   Code   RO         1676    .text.SysTick_Handler  mxc_delay.o
    0x10003268   0x10003268   0x000000b4   Code   RO         2242    .text.SystemCoreClockUpdate  system_max32665.o
    0x1000331c   0x1000331c   0x00000172   Code   RO         2250    .text.SystemInit    system_max32665.o
    0x1000348e   0x1000348e   0x00000002   PAD
    0x10003490   0x10003490   0x00000030   Code   RO          373    .text.__NVIC_EnableIRQ  i2c_ah_sh_api.o
    0x100034c0   0x100034c0   0x00000008   Code   RO          686    .text._sys_exit     stdio.o
    0x100034c8   0x100034c8   0x0000002a   Code   RO          192    .text.ah_get_cfg_wearablesuite_aferequest  algohub_config_api.o
    0x100034f2   0x100034f2   0x00000002   PAD
    0x100034f4   0x100034f4   0x00000026   Code   RO          194    .text.ah_set_cfg_wearablesuite_clear_aferequest  algohub_config_api.o
    0x1000351a   0x1000351a   0x00000002   PAD
    0x1000351c   0x1000351c   0x0000001a   Code   RO            5    .text.algohub_enable  algohub_api.o
    0x10003536   0x10003536   0x00000002   PAD
    0x10003538   0x10003538   0x00000150   Code   RO            9    .text.algohub_feed_data  algohub_api.o
    0x10003688   0x10003688   0x00000054   Code   RO            3    .text.algohub_init  algohub_api.o
    0x100036dc   0x100036dc   0x0000020a   Code   RO           11    .text.algohub_read_outputfifo  algohub_api.o
    0x100038e6   0x100038e6   0x00000002   PAD
    0x100038e8   0x100038e8   0x000000a8   Code   RO          389    .text.demoAlgohub   demo.o
    0x10003990   0x10003990   0x00000026   Code   RO          607    .text.ext_flash_board_init  board.o
    0x100039b6   0x100039b6   0x00000002   PAD
    0x100039b8   0x100039b8   0x00000054   Code   RO          609    .text.ext_flash_board_read  board.o
    0x10003a0c   0x10003a0c   0x00000054   Code   RO          611    .text.ext_flash_board_write  board.o
    0x10003a60   0x10003a60   0x00000016   Code   RO          613    .text.ext_flash_clock  board.o
    0x10003a76   0x10003a76   0x00000002   PAD
    0x10003a78   0x10003a78   0x00000044   Code   RO          371    .text.i2c_init      i2c_ah_sh_api.o
    0x10003abc   0x10003abc   0x00000056   Code   RO          377    .text.i2c_read      i2c_ah_sh_api.o
    0x10003b12   0x10003b12   0x00000002   PAD
    0x10003b14   0x10003b14   0x00000056   Code   RO          375    .text.i2c_write     i2c_ah_sh_api.o
    0x10003b6a   0x10003b6a   0x00000002   PAD
    0x10003b6c   0x10003b6c   0x00000052   Code   RO          220    .text.in_bootldr_mode  sh_comm.o
    0x10003bbe   0x10003bbe   0x00000002   PAD
    0x10003bc0   0x10003bc0   0x00000010   Code   RO          393    .text.main          demo.o
    0x10003bd0   0x10003bd0   0x00000048   Code   RO          284    .text.sh_feed_to_input_fifo  sh_comm.o
    0x10003c18   0x10003c18   0x00000042   Code   RO          298    .text.sh_get_sens_cfg  sh_comm.o
    0x10003c5a   0x10003c5a   0x00000002   PAD
    0x10003c5c   0x10003c5c   0x00000038   Code   RO          258    .text.sh_get_sensorhub_status  sh_comm.o
    0x10003c94   0x10003c94   0x000000a2   Code   RO          324    .text.sh_get_ss_fw_version  sh_comm.o
    0x10003d36   0x10003d36   0x00000002   PAD
    0x10003d38   0x10003d38   0x0000005e   Code   RO          206    .text.sh_init_hwcomm_interface  sh_comm.o
    0x10003d96   0x10003d96   0x00000002   PAD
    0x10003d98   0x10003d98   0x000001b2   Code   RO          222    .text.sh_read_cmd   sh_comm.o
    0x10003f4a   0x10003f4a   0x00000002   PAD
    0x10003f4c   0x10003f4c   0x0000005a   Code   RO          272    .text.sh_read_fifo_data  sh_comm.o
    0x10003fa6   0x10003fa6   0x00000002   PAD
    0x10003fa8   0x10003fa8   0x0000003c   Code   RO          278    .text.sh_sensor_enable_  sh_comm.o
    0x10003fe4   0x10003fe4   0x0000003e   Code   RO          260    .text.sh_set_data_type  sh_comm.o
    0x10004022   0x10004022   0x00000002   PAD
    0x10004024   0x10004024   0x00000032   Code   RO          264    .text.sh_set_fifo_thresh  sh_comm.o
    0x10004056   0x10004056   0x00000002   PAD
    0x10004058   0x10004058   0x0000003a   Code   RO          300    .text.sh_set_sens_cfg  sh_comm.o
    0x10004092   0x10004092   0x00000002   PAD
    0x10004094   0x10004094   0x0000014c   Code   RO          246    .text.sh_write_cmd  sh_comm.o
    0x100041e0   0x100041e0   0x00000046   Code   RO          226    .text.sh_write_cmd_with_data  sh_comm.o
    0x10004226   0x10004226   0x00000002   PAD
    0x10004228   0x10004228   0x00000062   Code   RO         2281    x$fpl$d2f           fz_wm.l(d2f.o)
    0x1000428a   0x1000428a   0x00000002   PAD
    0x1000428c   0x1000428c   0x00000150   Code   RO         2283    x$fpl$dadd          fz_wm.l(daddsub_clz.o)
    0x100043dc   0x100043dc   0x000002b8   Code   RO         2290    x$fpl$ddiv          fz_wm.l(ddiv.o)
    0x10004694   0x10004694   0x0000009c   Code   RO         2393    x$fpl$dnaninf       fz_wm.l(dnaninf.o)
    0x10004730   0x10004730   0x0000000c   Code   RO         2395    x$fpl$dretinf       fz_wm.l(dretinf.o)
    0x1000473c   0x1000473c   0x000001dc   Code   RO         2285    x$fpl$dsub          fz_wm.l(daddsub_clz.o)
    0x10004918   0x10004918   0x00000056   Code   RO         2293    x$fpl$f2d           fz_wm.l(f2d.o)
    0x1000496e   0x1000496e   0x0000008c   Code   RO         2397    x$fpl$fnaninf       fz_wm.l(fnaninf.o)
    0x100049fa   0x100049fa   0x0000001a   Code   RO         2584    x$fpl$fpinit        fz_wm.l(fpinit.o)
    0x10004a14   0x10004a14   0x0000000a   Code   RO         2399    x$fpl$fretinf       fz_wm.l(fretinf.o)
    0x10004a1e   0x10004a1e   0x00000000   Code   RO         2409    x$fpl$usenofp       fz_wm.l(usenofp.o)
    0x10004a1e   0x10004a1e   0x00000002   PAD
    0x10004a20   0x10004a20   0x00000010   Data   RO          626    .rodata..L__const.Board_Init.exf_cfg  board.o
    0x10004a30   0x10004a30   0x00000002   Data   RO           33    .rodata.algohub_reporting_size  algohub_api.o
    0x10004a32   0x10004a32   0x00000002   PAD
    0x10004a34   0x10004a34   0x0000000c   Data   RO         1746    .rodata.gpio_cfg_i2c0  pins_me14.o
    0x10004a40   0x10004a40   0x0000000c   Data   RO         1747    .rodata.gpio_cfg_i2c1  pins_me14.o
    0x10004a4c   0x10004a4c   0x0000000c   Data   RO         1748    .rodata.gpio_cfg_i2c2  pins_me14.o
    0x10004a58   0x10004a58   0x0000000c   Data   RO         1781    .rodata.gpio_cfg_spixfc  pins_me14.o
    0x10004a64   0x10004a64   0x0000000c   Data   RO         1734    .rodata.gpio_cfg_uart0a  pins_me14.o
    0x10004a70   0x10004a70   0x0000000c   Data   RO         1740    .rodata.gpio_cfg_uart0b  pins_me14.o
    0x10004a7c   0x10004a7c   0x0000000c   Data   RO         1736    .rodata.gpio_cfg_uart1a  pins_me14.o
    0x10004a88   0x10004a88   0x0000000c   Data   RO         1742    .rodata.gpio_cfg_uart1b  pins_me14.o
    0x10004a94   0x10004a94   0x0000000c   Data   RO         1738    .rodata.gpio_cfg_uart2a  pins_me14.o
    0x10004aa0   0x10004aa0   0x0000000c   Data   RO         1744    .rodata.gpio_cfg_uart2b  pins_me14.o
    0x10004aac   0x10004aac   0x00000054   Data   RO          624    .rodata.led_pin     board.o
    0x10004b00   0x10004b00   0x00000004   Data   RO          625    .rodata.num_leds    board.o
    0x10004b04   0x10004b04   0x00000004   Data   RO          623    .rodata.num_pbs     board.o
    0x10004b08   0x10004b08   0x00000018   Data   RO          622    .rodata.pb_pin      board.o
    0x10004b20   0x10004b20   0x00000020   Data   RO         2641    Region$$Table       anon$$obj.o


    Execution Region RW_IRAM1 (Exec base: 0x20000000, Load base: 0x10004b40, Size: 0x00001500, Max: 0x00020000, ABSOLUTE)

    Exec Addr    Load Addr    Size         Type   Attr      Idx    E Section Name        Object

    0x20000000   0x10004b40   0x00000004   Data   RW          621    .data.ConsoleUart   board.o
    0x20000004   0x10004b44   0x00000004   Data   RW         2254    .data.SystemCoreClock  system_max32665.o
    0x20000008   0x10004b48   0x0000000c   Data   RW          336    .data.mfio_pin      sh_comm.o
    0x20000014   0x10004b54   0x00000004   Data   RW         1690    .data.overflows     mxc_delay.o
    0x20000018   0x10004b58   0x0000000c   Data   RW          335    .data.reset_pin     sh_comm.o
    0x20000024   0x10004b64   0x00000004   PAD
    0x20000028        -       0x00000060   Zero   RW         2505    .bss                c_w.l(libspace.o)
    0x20000088        -       0x00000001   Zero   RW           32    .bss.algohub_curr_mode  algohub_api.o
    0x20000089        -       0x00000003   Zero   RW           31    .bss.algohub_soft_ver  algohub_api.o
    0x2000008c        -       0x00000100   Zero   RW          955    .bss.callback       gpio_common.o
    0x2000018c        -       0x00000004   Zero   RW         1691    .bss.cbFunc         mxc_delay.o
    0x20000190        -       0x00000100   Zero   RW          956    .bss.cbparam        gpio_common.o
    0x20000290        -       0x00000004   Zero   RW         1693    .bss.ctrl_save      mxc_delay.o
    0x20000294        -       0x00000004   Zero   RW         1692    .bss.endtick        mxc_delay.o
    0x20000298        -       0x00000010   Zero   RW          733    .bss.g_cfg          mx25.o
    0x200002a8        -       0x00000001   Zero   RW          734    .bss.g_is_configured  mx25.o
    0x200002a9        -       0x00000200   Zero   RW          342    .bss.sh_write_buf   sh_comm.o
    0x200004a9   0x10004b64   0x00000003   PAD
    0x200004ac        -       0x00000048   Zero   RW         1238    .bss.states         i2c_reva.o
    0x200004f4        -       0x00000008   Zero   RW         1660    .bss.states         spixf_reva.o
    0x200004fc   0x10004b64   0x00000004   PAD
    0x20000500        -       0x00000800   Zero   RW         2227    HEAP                startup_max32665.o
    0x20000d00        -       0x00000800   Zero   RW         2226    STACK               startup_max32665.o


==============================================================================

Image component sizes


      Code (inc. data)   RO Data    RW Data    ZI Data      Debug   Object Name

       968          0          2          0          4       6101   algohub_api.o
        80          0          0          0          0      17124   algohub_config_api.o
         0          0          0          0          0         32   backup_max32665.o
       390          0        132          4          0       5303   board.o
       184          0          0          0          0       3796   demo.o
       170          0          0          0        512       3433   gpio_common.o
       406          6          0          0          0       8737   gpio_me14.o
       386          6          0          0          0       5791   gpio_reva.o
       602          0          0          0          0       5476   i2c_ah_sh_api.o
       888          0          0          0          0      14489   i2c_me14.o
      1750          0          0          0         72      19746   i2c_reva.o
       124          0          0          0          0       1076   led.o
        76          0          0          0         17       6103   mx25.o
       868          0          0          4         12       2585   mxc_delay.o
        76          0          0          0          0        933   mxc_lock.o
       100          0          0          0          0       6238   pb.o
         0          0        120          0          0       4484   pins_me14.o
      1846          0          0         24        512      17331   sh_comm.o
       166          0          0          0          0      16690   spixf_me14.o
      2090          0          0          0          8      20550   spixf_reva.o
        72         28        444          0       4096        912   startup_max32665.o
         8          0          0          0          0       2138   stdio.o
        12          0          0          0          0        420   sub_main.o
       834          8          0          0          0       7989   sys_me14.o
       694          0          0          4          0       6935   system_max32665.o
       576          0          0          0          0      15198   uart_me14.o
      2072         26          0          0          0      17889   uart_reva.o

    ----------------------------------------------------------------------
     15556         74        732         36       5244     217499   Object Totals
         0          0         32          0          0          0   (incl. Generated)
       118          0          2          0         11          0   (incl. Padding)

    ----------------------------------------------------------------------

      Code (inc. data)   RO Data    RW Data    ZI Data      Debug   Library Member Name

         8          0          0          0          0         68   __main.o
         0          0          0          0          0          0   __rtentry.o
        12          0          0          0          0          0   __rtentry2.o
         6          0          0          0          0          0   __rtentry4.o
        94          8          0          0          0          0   __scatter.o
        26          0          0          0          0          0   __scatter_copy.o
        28          0          0          0          0          0   __scatter_zi.o
        18          0          0          0          0         80   exit.o
         6          0          0          0          0        152   heapauxi.o
         2          0          0          0          0          0   libinit.o
         6          0          0          0          0          0   libinit2.o
         2          0          0          0          0          0   libshutdown.o
         2          0          0          0          0          0   libshutdown2.o
         8          4          0          0         96         68   libspace.o
       240          0          0          0          0        100   lludivv7m.o
        68          0          0          0          0         68   rt_memclr.o
        78          0          0          0          0         80   rt_memclr_w.o
       138          0          0          0          0         68   rt_memcpy_v6.o
       100          0          0          0          0         80   rt_memcpy_w.o
         2          0          0          0          0          0   rtexit.o
        10          0          0          0          0          0   rtexit2.o
        74          0          0          0          0         80   sys_stackheap_outer.o
        98          4          0          0          0        140   d2f.o
       812         16          0          0          0        392   daddsub_clz.o
       696        140          0          0          0        264   ddiv.o
       156          4          0          0          0        140   dnaninf.o
        12          0          0          0          0        116   dretinf.o
        86          4          0          0          0        132   f2d.o
       140          4          0          0          0        132   fnaninf.o
        26          0          0          0          0        116   fpinit.o
        10          0          0          0          0        116   fretinf.o
         0          0          0          0          0          0   usenofp.o

    ----------------------------------------------------------------------
      2976        184          0          0         96       2392   Library Totals
        12          0          0          0          0          0   (incl. Padding)

    ----------------------------------------------------------------------

      Code (inc. data)   RO Data    RW Data    ZI Data      Debug   Library Name

       928         12          0          0         96        844   c_w.l
      2036        172          0          0          0       1548   fz_wm.l

    ----------------------------------------------------------------------
      2976        184          0          0         96       2392   Library Totals

    ----------------------------------------------------------------------

==============================================================================


      Code (inc. data)   RO Data    RW Data    ZI Data      Debug   

     18532        258        732         36       5340     218287   Grand Totals
     18532        258        732         36       5340     218287   ELF Image Totals
     18532        258        732         36          0          0   ROM Totals

==============================================================================

    Total RO  Size (Code + RO Data)                19264 (  18.81kB)
    Total RW  Size (RW Data + ZI Data)              5376 (   5.25kB)
    Total ROM Size (Code + RO Data + RW Data)      19300 (  18.85kB)

==============================================================================

