<html>
<body>
<pre>
<h1>µVision Build Log</h1>
<h2>Tool Versions:</h2>
IDE-Version: µVision V5.40.0.0
Copyright (C) 2024 ARM Ltd and ARM Germany GmbH. All rights reserved.
License Information: Li Tian, Uottawa, LIC=EPPLD-8B12U-F11PT-RXHAL-CJLCB-A86EJ
 
Tool Versions:
Toolchain:       MDK-ARM Professional  Version: 5.40.0.3
Toolchain Path:  D:\Program Files\Keil_v5\ARM\ARMCLANG\Bin
C Compiler:      ArmClang.exe V6.22
Assembler:       Armasm.exe V6.22
Linker/Locator:  ArmLink.exe V6.22
Library Manager: ArmAr.exe V6.22
Hex Converter:   FromElf.exe V6.22
CPU DLL:         SARMCM3.DLL V5.40.0.3
Dialog DLL:      DCM.DLL V1.17.5.0
Target DLL:      lmidk-agdi.dll V???
Dialog DLL:      TCM.DLL V1.56.4.0
 
<h2>Project:</h2>
D:\OneDrive\Desktop\Graduate Project\embeded_code\Keil\UART_test\test_uart.uvprojx
Project File Date:  11/05/2024

<h2>Output:</h2>
*** Using Compiler 'V6.22', folder: 'D:\Program Files\Keil_v5\ARM\ARMCLANG\Bin'
Build target 'Target 1'
compiling test.c...
linking...
Program Size: Code=1254 RO-data=642 RW-data=0 ZI-data=608  
".\Objects\test_uart.axf" - 0 Error(s), 0 Warning(s).

<h2>Software Packages used:</h2>

Package Vendor: ARM
                https://www.keil.com/pack/ARM.CMSIS.6.1.0.pack
                ARM::CMSIS@6.1.0
                CMSIS (Common Microcontroller Software Interface Standard)
   * Component: GPIO Version: 1.0.0
   * Component: Custom Version: 1.0.0
   * Component: CORE Version: 6.1.0

Package Vendor: Keil
                http://www.keil.com/pack/Keil.TM4C_DFP.1.1.0.pack
                Keil::TM4C_DFP@1.1.0
                Texas Instruments Tiva C Series Device Support and Examples
   * Component: Startup Version: 1.0.1

<h2>Collection of Component include folders:</h2>
  ./RTE/_Target_1
  D:/Program Files/Arm/Packs/ARM/CMSIS/6.1.0/CMSIS/Core/Include
  D:/Program Files/Arm/Packs/ARM/CMSIS/6.1.0/CMSIS/Driver/Include
  D:/Program Files/Arm/Packs/Keil/TM4C_DFP/1.1.0/Device/Include/TM4C123

<h2>Collection of Component Files used:</h2>

   * Component: ::CMSIS Driver:GPIO(API)@1.0.0
      Include file:  CMSIS/Driver/Include/Driver_GPIO.h

   * Component: ARM::CMSIS Driver:GPIO:Custom@1.0.0
      Source file:   CMSIS/Driver/DriverTemplates/Driver_GPIO.c
      Include file:  CMSIS/Driver/Include/Driver_GPIO.h

   * Component: ARM::CMSIS:CORE@6.1.0

   * Component: Keil::Device:Startup@1.0.1
      Include file:  Device/Include/TM4C123/TM4C123.h
      Source file:   Device/Source/ARM/startup_TM4C123.s
      Source file:   Device/Source/system_TM4C123.c
Build Time Elapsed:  00:00:00
</pre>
</body>
</html>
